[2025-12-20T07:32:03.753+0000][gc] Using G1
[2025-12-20T07:32:03.798+0000][gc,init] Version: 17.0.16+8-alpine-r0 (release)
[2025-12-20T07:32:03.802+0000][gc,init] CPUs: 2 total, 2 available
[2025-12-20T07:32:03.804+0000][gc,init] Memory: 7801M
[2025-12-20T07:32:03.808+0000][gc,init] Large Page Support: Disabled
[2025-12-20T07:32:03.812+0000][gc,init] NUMA Support: Disabled
[2025-12-20T07:32:03.812+0000][gc,init] Compressed Oops: Enabled (32-bit)
[2025-12-20T07:32:03.812+0000][gc,init] Heap Region Size: 1M
[2025-12-20T07:32:03.813+0000][gc,init] Heap Min Capacity: 512M
[2025-12-20T07:32:03.813+0000][gc,init] Heap Initial Capacity: 512M
[2025-12-20T07:32:03.814+0000][gc,init] Heap Max Capacity: 512M
[2025-12-20T07:32:03.814+0000][gc,init] Pre-touch: Disabled
[2025-12-20T07:32:03.819+0000][gc,init] Parallel Workers: 2
[2025-12-20T07:32:03.819+0000][gc,init] Concurrent Workers: 1
[2025-12-20T07:32:03.819+0000][gc,init] Concurrent Refinement Workers: 2
[2025-12-20T07:32:03.823+0000][gc,init] Periodic GC: Disabled
[2025-12-20T07:32:03.864+0000][gc,metaspace] CDS archive(s) mapped at: [0x000072e534000000-0x000072e534bc7000-0x000072e534bc7000), size 12349440, SharedBaseAddress: 0x000072e534000000, ArchiveRelocationMode: 1.
[2025-12-20T07:32:03.866+0000][gc,metaspace] Compressed class space mapped at: 0x000072e535000000-0x000072e575000000, reserved size: 1073741824
[2025-12-20T07:32:03.867+0000][gc,metaspace] Narrow klass base: 0x000072e534000000, Narrow klass shift: 0, Narrow klass range: 0x100000000
[2025-12-20T07:33:49.444+0000][gc,start    ] GC(0) Pause Young (Normal) (G1 Evacuation Pause)
[2025-12-20T07:33:49.494+0000][gc,task     ] GC(0) Using 2 workers of 2 for evacuation
[2025-12-20T07:33:50.428+0000][gc,mmu      ] GC(0) MMU target violated: 201.0ms (200.0ms/201.0ms)
[2025-12-20T07:33:50.448+0000][gc,phases   ] GC(0)   Pre Evacuate Collection Set: 15.3ms
[2025-12-20T07:33:50.456+0000][gc,phases   ] GC(0)   Merge Heap Roots: 0.6ms
[2025-12-20T07:33:50.474+0000][gc,phases   ] GC(0)   Evacuate Collection Set: 869.1ms
[2025-12-20T07:33:50.475+0000][gc,phases   ] GC(0)   Post Evacuate Collection Set: 30.2ms
[2025-12-20T07:33:50.482+0000][gc,phases   ] GC(0)   Other: 88.8ms
[2025-12-20T07:33:50.488+0000][gc,heap     ] GC(0) Eden regions: 256->0(243)
[2025-12-20T07:33:50.520+0000][gc,heap     ] GC(0) Survivor regions: 0->13(32)
[2025-12-20T07:33:50.520+0000][gc,heap     ] GC(0) Old regions: 0->0
[2025-12-20T07:33:50.520+0000][gc,heap     ] GC(0) Archive regions: 2->2
[2025-12-20T07:33:50.520+0000][gc,heap     ] GC(0) Humongous regions: 0->0
[2025-12-20T07:33:50.521+0000][gc,metaspace] GC(0) Metaspace: 20318K(20672K)->20318K(20672K) NonClass: 17792K(17984K)->17792K(17984K) Class: 2525K(2688K)->2525K(2688K)
[2025-12-20T07:33:50.543+0000][gc          ] GC(0) Pause Young (Normal) (G1 Evacuation Pause) 256M->13M(512M) 1098.844ms
[2025-12-20T07:33:50.550+0000][gc,cpu      ] GC(0) User=0.23s Sys=0.03s Real=1.10s
[2025-12-20T07:33:59.619+0000][gc,start    ] GC(1) Pause Young (Concurrent Start) (Metadata GC Threshold)
[2025-12-20T07:33:59.625+0000][gc,task     ] GC(1) Using 2 workers of 2 for evacuation
[2025-12-20T07:33:59.965+0000][gc,mmu      ] GC(1) MMU target violated: 201.0ms (200.0ms/201.0ms)
[2025-12-20T07:33:59.970+0000][gc,phases   ] GC(1)   Pre Evacuate Collection Set: 0.2ms
[2025-12-20T07:33:59.986+0000][gc,phases   ] GC(1)   Merge Heap Roots: 0.8ms
[2025-12-20T07:33:59.987+0000][gc,phases   ] GC(1)   Evacuate Collection Set: 327.7ms
[2025-12-20T07:33:59.988+0000][gc,phases   ] GC(1)   Post Evacuate Collection Set: 11.0ms
[2025-12-20T07:33:59.989+0000][gc,phases   ] GC(1)   Other: 11.5ms
[2025-12-20T07:33:59.989+0000][gc,heap     ] GC(1) Eden regions: 95->0(235)
[2025-12-20T07:33:59.989+0000][gc,heap     ] GC(1) Survivor regions: 13->21(32)
[2025-12-20T07:33:59.989+0000][gc,heap     ] GC(1) Old regions: 0->0
[2025-12-20T07:33:59.989+0000][gc,heap     ] GC(1) Archive regions: 2->2
[2025-12-20T07:33:59.990+0000][gc,heap     ] GC(1) Humongous regions: 0->0
[2025-12-20T07:33:59.990+0000][gc,metaspace] GC(1) Metaspace: 21098K(21504K)->21098K(21504K) NonClass: 18497K(18688K)->18497K(18688K) Class: 2600K(2816K)->2600K(2816K)
[2025-12-20T07:33:59.990+0000][gc          ] GC(1) Pause Young (Concurrent Start) (Metadata GC Threshold) 107M->21M(512M) 371.187ms
[2025-12-20T07:33:59.994+0000][gc,cpu      ] GC(1) User=0.13s Sys=0.00s Real=0.38s
[2025-12-20T07:34:00.005+0000][gc          ] GC(2) Concurrent Mark Cycle
[2025-12-20T07:34:00.050+0000][gc,marking  ] GC(2) Concurrent Clear Claimed Marks
[2025-12-20T07:34:00.070+0000][gc,marking  ] GC(2) Concurrent Clear Claimed Marks 19.646ms
[2025-12-20T07:34:00.070+0000][gc,marking  ] GC(2) Concurrent Scan Root Regions
[2025-12-20T07:34:00.170+0000][gc,marking  ] GC(2) Concurrent Scan Root Regions 99.534ms
[2025-12-20T07:34:00.204+0000][gc,marking  ] GC(2) Concurrent Mark
[2025-12-20T07:34:00.204+0000][gc,marking  ] GC(2) Concurrent Mark From Roots
[2025-12-20T07:34:00.204+0000][gc,task     ] GC(2) Using 1 workers of 1 for marking
[2025-12-20T07:34:00.222+0000][gc,marking  ] GC(2) Concurrent Mark From Roots 17.982ms
[2025-12-20T07:34:00.273+0000][gc,marking  ] GC(2) Concurrent Preclean
[2025-12-20T07:34:00.274+0000][gc,marking  ] GC(2) Concurrent Preclean 0.247ms
[2025-12-20T07:34:00.278+0000][gc,start    ] GC(2) Pause Remark
[2025-12-20T07:34:00.322+0000][gc          ] GC(2) Pause Remark 32M->32M(512M) 44.108ms
[2025-12-20T07:34:00.336+0000][gc,cpu      ] GC(2) User=0.02s Sys=0.00s Real=0.06s
[2025-12-20T07:34:00.347+0000][gc,marking  ] GC(2) Concurrent Mark 142.785ms
[2025-12-20T07:34:00.378+0000][gc,marking  ] GC(2) Concurrent Rebuild Remembered Sets
[2025-12-20T07:34:00.382+0000][gc,marking  ] GC(2) Concurrent Rebuild Remembered Sets 3.400ms
[2025-12-20T07:34:00.391+0000][gc,start    ] GC(2) Pause Cleanup
[2025-12-20T07:34:00.391+0000][gc          ] GC(2) Pause Cleanup 35M->35M(512M) 0.268ms
[2025-12-20T07:34:00.391+0000][gc,cpu      ] GC(2) User=0.00s Sys=0.00s Real=0.00s
[2025-12-20T07:34:00.403+0000][gc,marking  ] GC(2) Concurrent Cleanup for Next Mark
[2025-12-20T07:34:00.571+0000][gc,marking  ] GC(2) Concurrent Cleanup for Next Mark 168.151ms
[2025-12-20T07:34:00.646+0000][gc          ] GC(2) Concurrent Mark Cycle 641.114ms
[2025-12-20T07:34:13.613+0000][gc,start    ] GC(3) Pause Young (Normal) (G1 Evacuation Pause)
[2025-12-20T07:34:13.621+0000][gc,task     ] GC(3) Using 2 workers of 2 for evacuation
[2025-12-20T07:34:14.099+0000][gc,mmu      ] GC(3) MMU target violated: 201.0ms (200.0ms/201.0ms)
[2025-12-20T07:34:14.137+0000][gc,phases   ] GC(3)   Pre Evacuate Collection Set: 0.1ms
[2025-12-20T07:34:14.137+0000][gc,phases   ] GC(3)   Merge Heap Roots: 0.0ms
[2025-12-20T07:34:14.224+0000][gc,phases   ] GC(3)   Evacuate Collection Set: 467.4ms
[2025-12-20T07:34:14.236+0000][gc,phases   ] GC(3)   Post Evacuate Collection Set: 7.4ms
[2025-12-20T07:34:14.322+0000][gc,phases   ] GC(3)   Other: 48.4ms
[2025-12-20T07:34:14.323+0000][gc,heap     ] GC(3) Eden regions: 235->0(227)
[2025-12-20T07:34:14.324+0000][gc,heap     ] GC(3) Survivor regions: 21->29(32)
[2025-12-20T07:34:14.329+0000][gc,heap     ] GC(3) Old regions: 0->13
[2025-12-20T07:34:14.332+0000][gc,heap     ] GC(3) Archive regions: 2->2
[2025-12-20T07:34:14.333+0000][gc,heap     ] GC(3) Humongous regions: 0->0
[2025-12-20T07:34:14.339+0000][gc,metaspace] GC(3) Metaspace: 21714K(22144K)->21714K(22144K) NonClass: 19042K(19264K)->19042K(19264K) Class: 2671K(2880K)->2671K(2880K)
[2025-12-20T07:34:14.362+0000][gc          ] GC(3) Pause Young (Normal) (G1 Evacuation Pause) 256M->42M(512M) 748.402ms
[2025-12-20T07:34:14.366+0000][gc,cpu      ] GC(3) User=0.10s Sys=0.03s Real=0.75s
[2025-12-20T07:34:37.332+0000][gc,start    ] GC(4) Pause Young (Normal) (G1 Evacuation Pause)
[2025-12-20T07:34:37.337+0000][gc,task     ] GC(4) Using 2 workers of 2 for evacuation
[2025-12-20T07:34:37.802+0000][gc,mmu      ] GC(4) MMU target violated: 201.0ms (200.0ms/201.0ms)
[2025-12-20T07:34:37.805+0000][gc,phases   ] GC(4)   Pre Evacuate Collection Set: 0.2ms
[2025-12-20T07:34:37.808+0000][gc,phases   ] GC(4)   Merge Heap Roots: 0.2ms
[2025-12-20T07:34:37.814+0000][gc,phases   ] GC(4)   Evacuate Collection Set: 444.0ms
[2025-12-20T07:34:37.825+0000][gc,phases   ] GC(4)   Post Evacuate Collection Set: 9.4ms
[2025-12-20T07:34:37.831+0000][gc,phases   ] GC(4)   Other: 19.6ms
[2025-12-20T07:34:37.833+0000][gc,heap     ] GC(4) Eden regions: 227->0(251)
[2025-12-20T07:34:37.836+0000][gc,heap     ] GC(4) Survivor regions: 29->5(32)
[2025-12-20T07:34:37.841+0000][gc,heap     ] GC(4) Old regions: 13->40
[2025-12-20T07:34:37.847+0000][gc,heap     ] GC(4) Archive regions: 2->2
[2025-12-20T07:34:37.847+0000][gc,heap     ] GC(4) Humongous regions: 0->0
[2025-12-20T07:34:37.849+0000][gc,metaspace] GC(4) Metaspace: 31152K(31552K)->31152K(31552K) NonClass: 27224K(27456K)->27224K(27456K) Class: 3928K(4096K)->3928K(4096K)
[2025-12-20T07:34:37.853+0000][gc          ] GC(4) Pause Young (Normal) (G1 Evacuation Pause) 269M->45M(512M) 521.507ms
[2025-12-20T07:34:37.854+0000][gc,cpu      ] GC(4) User=0.12s Sys=0.03s Real=0.52s
[2025-12-20T07:34:48.301+0000][gc,start    ] GC(5) Pause Young (Concurrent Start) (Metadata GC Threshold)
[2025-12-20T07:34:48.309+0000][gc,task     ] GC(5) Using 2 workers of 2 for evacuation
[2025-12-20T07:34:48.429+0000][gc,phases   ] GC(5)   Pre Evacuate Collection Set: 0.2ms
[2025-12-20T07:34:48.445+0000][gc,phases   ] GC(5)   Merge Heap Roots: 0.7ms
[2025-12-20T07:34:48.462+0000][gc,phases   ] GC(5)   Evacuate Collection Set: 95.9ms
[2025-12-20T07:34:48.467+0000][gc,phases   ] GC(5)   Post Evacuate Collection Set: 14.1ms
[2025-12-20T07:34:48.480+0000][gc,phases   ] GC(5)   Other: 17.9ms
[2025-12-20T07:34:48.487+0000][gc,heap     ] GC(5) Eden regions: 53->0(249)
[2025-12-20T07:34:48.498+0000][gc,heap     ] GC(5) Survivor regions: 5->7(32)
[2025-12-20T07:34:48.507+0000][gc,heap     ] GC(5) Old regions: 40->40
[2025-12-20T07:34:48.520+0000][gc,heap     ] GC(5) Archive regions: 2->2
[2025-12-20T07:34:48.528+0000][gc,heap     ] GC(5) Humongous regions: 0->0
[2025-12-20T07:34:48.529+0000][gc,metaspace] GC(5) Metaspace: 35594K(35968K)->35594K(35968K) NonClass: 31085K(31296K)->31085K(31296K) Class: 4509K(4672K)->4509K(4672K)
[2025-12-20T07:34:48.529+0000][gc          ] GC(5) Pause Young (Concurrent Start) (Metadata GC Threshold) 98M->47M(512M) 228.724ms
[2025-12-20T07:34:48.533+0000][gc,cpu      ] GC(5) User=0.05s Sys=0.01s Real=0.23s
[2025-12-20T07:34:48.538+0000][gc          ] GC(6) Concurrent Mark Cycle
[2025-12-20T07:34:48.663+0000][gc,marking  ] GC(6) Concurrent Clear Claimed Marks
[2025-12-20T07:34:48.666+0000][gc,marking  ] GC(6) Concurrent Clear Claimed Marks 3.143ms
[2025-12-20T07:34:48.666+0000][gc,marking  ] GC(6) Concurrent Scan Root Regions
[2025-12-20T07:34:48.711+0000][gc,marking  ] GC(6) Concurrent Scan Root Regions 44.441ms
[2025-12-20T07:34:48.811+0000][gc,marking  ] GC(6) Concurrent Mark
[2025-12-20T07:34:48.816+0000][gc,marking  ] GC(6) Concurrent Mark From Roots
[2025-12-20T07:34:48.817+0000][gc,task     ] GC(6) Using 1 workers of 1 for marking
[2025-12-20T07:34:49.208+0000][gc,marking  ] GC(6) Concurrent Mark From Roots 392.091ms
[2025-12-20T07:34:49.214+0000][gc,marking  ] GC(6) Concurrent Preclean
[2025-12-20T07:34:49.268+0000][gc,marking  ] GC(6) Concurrent Preclean 54.181ms
[2025-12-20T07:34:49.269+0000][gc,start    ] GC(6) Pause Remark
[2025-12-20T07:34:49.360+0000][gc          ] GC(6) Pause Remark 52M->52M(512M) 91.015ms
[2025-12-20T07:34:49.378+0000][gc,cpu      ] GC(6) User=0.03s Sys=0.00s Real=0.11s
[2025-12-20T07:34:49.378+0000][gc,marking  ] GC(6) Concurrent Mark 566.979ms
[2025-12-20T07:34:49.383+0000][gc,marking  ] GC(6) Concurrent Rebuild Remembered Sets
[2025-12-20T07:34:49.607+0000][gc,marking  ] GC(6) Concurrent Rebuild Remembered Sets 224.378ms
[2025-12-20T07:34:49.620+0000][gc,start    ] GC(6) Pause Cleanup
[2025-12-20T07:34:49.631+0000][gc          ] GC(6) Pause Cleanup 52M->52M(512M) 10.319ms
[2025-12-20T07:34:49.673+0000][gc,cpu      ] GC(6) User=0.01s Sys=0.01s Real=0.06s
[2025-12-20T07:34:49.679+0000][gc,marking  ] GC(6) Concurrent Cleanup for Next Mark
[2025-12-20T07:34:50.205+0000][gc,marking  ] GC(6) Concurrent Cleanup for Next Mark 525.953ms
[2025-12-20T07:34:50.268+0000][gc          ] GC(6) Concurrent Mark Cycle 1730.095ms
[2025-12-20T07:34:56.234+0000][gc,heap,exit] Heap
[2025-12-20T07:34:56.235+0000][gc,heap,exit]  garbage-first heap   total 524288K, used 55220K [0x00000000e0000000, 0x0000000100000000)
[2025-12-20T07:34:56.235+0000][gc,heap,exit]   region size 1024K, 13 young (13312K), 7 survivors (7168K)
[2025-12-20T07:34:56.235+0000][gc,heap,exit]  Metaspace       used 35643K, committed 36032K, reserved 1114112K
[2025-12-20T07:34:56.236+0000][gc,heap,exit]   class space    used 4520K, committed 4736K, reserved 1048576K
