[2025-12-20T07:23:56.781+0000][gc] Using G1
[2025-12-20T07:23:56.810+0000][gc,init] Version: 17.0.16+8-alpine-r0 (release)
[2025-12-20T07:23:56.811+0000][gc,init] CPUs: 2 total, 2 available
[2025-12-20T07:23:56.814+0000][gc,init] Memory: 7801M
[2025-12-20T07:23:56.814+0000][gc,init] Large Page Support: Disabled
[2025-12-20T07:23:56.814+0000][gc,init] NUMA Support: Disabled
[2025-12-20T07:23:56.815+0000][gc,init] Compressed Oops: Enabled (32-bit)
[2025-12-20T07:23:56.817+0000][gc,init] Heap Region Size: 1M
[2025-12-20T07:23:56.817+0000][gc,init] Heap Min Capacity: 512M
[2025-12-20T07:23:56.817+0000][gc,init] Heap Initial Capacity: 512M
[2025-12-20T07:23:56.817+0000][gc,init] Heap Max Capacity: 512M
[2025-12-20T07:23:56.818+0000][gc,init] Pre-touch: Disabled
[2025-12-20T07:23:56.821+0000][gc,init] Parallel Workers: 2
[2025-12-20T07:23:56.821+0000][gc,init] Concurrent Workers: 1
[2025-12-20T07:23:56.821+0000][gc,init] Concurrent Refinement Workers: 2
[2025-12-20T07:23:56.822+0000][gc,init] Periodic GC: Disabled
[2025-12-20T07:23:56.868+0000][gc,metaspace] CDS archive(s) mapped at: [0x00007dda99000000-0x00007dda99bc7000-0x00007dda99bc7000), size 12349440, SharedBaseAddress: 0x00007dda99000000, ArchiveRelocationMode: 1.
[2025-12-20T07:23:56.870+0000][gc,metaspace] Compressed class space mapped at: 0x00007dda9a000000-0x00007ddada000000, reserved size: 1073741824
[2025-12-20T07:23:56.875+0000][gc,metaspace] Narrow klass base: 0x00007dda99000000, Narrow klass shift: 0, Narrow klass range: 0x100000000
[2025-12-20T07:25:14.834+0000][gc,start    ] GC(0) Pause Young (Normal) (G1 Evacuation Pause)
[2025-12-20T07:25:14.911+0000][gc,task     ] GC(0) Using 2 workers of 2 for evacuation
[2025-12-20T07:25:15.284+0000][gc,mmu      ] GC(0) MMU target violated: 201.0ms (200.0ms/201.0ms)
[2025-12-20T07:25:15.359+0000][gc,phases   ] GC(0)   Pre Evacuate Collection Set: 0.1ms
[2025-12-20T07:25:15.359+0000][gc,phases   ] GC(0)   Merge Heap Roots: 1.9ms
[2025-12-20T07:25:15.381+0000][gc,phases   ] GC(0)   Evacuate Collection Set: 346.8ms
[2025-12-20T07:25:15.504+0000][gc,phases   ] GC(0)   Post Evacuate Collection Set: 23.4ms
[2025-12-20T07:25:15.504+0000][gc,phases   ] GC(0)   Other: 152.2ms
[2025-12-20T07:25:15.510+0000][gc,heap     ] GC(0) Eden regions: 256->0(243)
[2025-12-20T07:25:15.511+0000][gc,heap     ] GC(0) Survivor regions: 0->13(32)
[2025-12-20T07:25:15.528+0000][gc,heap     ] GC(0) Old regions: 0->0
[2025-12-20T07:25:15.528+0000][gc,heap     ] GC(0) Archive regions: 2->2
[2025-12-20T07:25:15.528+0000][gc,heap     ] GC(0) Humongous regions: 0->0
[2025-12-20T07:25:15.529+0000][gc,metaspace] GC(0) Metaspace: 20298K(20672K)->20298K(20672K) NonClass: 17772K(17984K)->17772K(17984K) Class: 2526K(2688K)->2526K(2688K)
[2025-12-20T07:25:15.531+0000][gc          ] GC(0) Pause Young (Normal) (G1 Evacuation Pause) 256M->13M(512M) 696.404ms
[2025-12-20T07:25:15.532+0000][gc,cpu      ] GC(0) User=0.06s Sys=0.01s Real=0.70s
[2025-12-20T07:25:22.785+0000][gc,start    ] GC(1) Pause Young (Concurrent Start) (Metadata GC Threshold)
[2025-12-20T07:25:22.807+0000][gc,task     ] GC(1) Using 2 workers of 2 for evacuation
[2025-12-20T07:25:23.295+0000][gc,mmu      ] GC(1) MMU target violated: 201.0ms (200.0ms/201.0ms)
[2025-12-20T07:25:23.295+0000][gc,phases   ] GC(1)   Pre Evacuate Collection Set: 1.1ms
[2025-12-20T07:25:23.450+0000][gc,phases   ] GC(1)   Merge Heap Roots: 0.1ms
[2025-12-20T07:25:23.451+0000][gc,phases   ] GC(1)   Evacuate Collection Set: 326.0ms
[2025-12-20T07:25:23.455+0000][gc,phases   ] GC(1)   Post Evacuate Collection Set: 15.0ms
[2025-12-20T07:25:23.457+0000][gc,phases   ] GC(1)   Other: 167.8ms
[2025-12-20T07:25:23.457+0000][gc,heap     ] GC(1) Eden regions: 120->0(233)
[2025-12-20T07:25:23.459+0000][gc,heap     ] GC(1) Survivor regions: 13->23(32)
[2025-12-20T07:25:23.459+0000][gc,heap     ] GC(1) Old regions: 0->0
[2025-12-20T07:25:23.459+0000][gc,heap     ] GC(1) Archive regions: 2->2
[2025-12-20T07:25:23.460+0000][gc,heap     ] GC(1) Humongous regions: 0->0
[2025-12-20T07:25:23.460+0000][gc,metaspace] GC(1) Metaspace: 21138K(21504K)->21138K(21504K) NonClass: 18531K(18688K)->18531K(18688K) Class: 2607K(2816K)->2607K(2816K)
[2025-12-20T07:25:23.462+0000][gc          ] GC(1) Pause Young (Concurrent Start) (Metadata GC Threshold) 133M->23M(512M) 676.266ms
[2025-12-20T07:25:23.462+0000][gc,cpu      ] GC(1) User=0.09s Sys=0.00s Real=0.68s
[2025-12-20T07:25:23.462+0000][gc          ] GC(2) Concurrent Mark Cycle
[2025-12-20T07:25:23.463+0000][gc,marking  ] GC(2) Concurrent Clear Claimed Marks
[2025-12-20T07:25:23.463+0000][gc,marking  ] GC(2) Concurrent Clear Claimed Marks 0.217ms
[2025-12-20T07:25:23.463+0000][gc,marking  ] GC(2) Concurrent Scan Root Regions
[2025-12-20T07:25:23.513+0000][gc,marking  ] GC(2) Concurrent Scan Root Regions 50.339ms
[2025-12-20T07:25:23.545+0000][gc,marking  ] GC(2) Concurrent Mark
[2025-12-20T07:25:23.600+0000][gc,marking  ] GC(2) Concurrent Mark From Roots
[2025-12-20T07:25:23.600+0000][gc,task     ] GC(2) Using 1 workers of 1 for marking
[2025-12-20T07:25:23.619+0000][gc,marking  ] GC(2) Concurrent Mark From Roots 18.737ms
[2025-12-20T07:25:23.622+0000][gc,marking  ] GC(2) Concurrent Preclean
[2025-12-20T07:25:23.623+0000][gc,marking  ] GC(2) Concurrent Preclean 0.665ms
[2025-12-20T07:25:23.629+0000][gc,start    ] GC(2) Pause Remark
[2025-12-20T07:25:23.683+0000][gc          ] GC(2) Pause Remark 25M->25M(512M) 54.063ms
[2025-12-20T07:25:23.683+0000][gc,cpu      ] GC(2) User=0.02s Sys=0.00s Real=0.06s
[2025-12-20T07:25:23.684+0000][gc,marking  ] GC(2) Concurrent Mark 138.737ms
[2025-12-20T07:25:23.687+0000][gc,marking  ] GC(2) Concurrent Rebuild Remembered Sets
[2025-12-20T07:25:23.692+0000][gc,marking  ] GC(2) Concurrent Rebuild Remembered Sets 4.449ms
[2025-12-20T07:25:23.703+0000][gc,start    ] GC(2) Pause Cleanup
[2025-12-20T07:25:23.704+0000][gc          ] GC(2) Pause Cleanup 25M->25M(512M) 0.353ms
[2025-12-20T07:25:23.706+0000][gc,cpu      ] GC(2) User=0.00s Sys=0.00s Real=0.00s
[2025-12-20T07:25:23.706+0000][gc,marking  ] GC(2) Concurrent Cleanup for Next Mark
[2025-12-20T07:25:23.832+0000][gc,marking  ] GC(2) Concurrent Cleanup for Next Mark 125.430ms
[2025-12-20T07:25:23.839+0000][gc          ] GC(2) Concurrent Mark Cycle 376.605ms
[2025-12-20T07:25:34.725+0000][gc,start    ] GC(3) Pause Young (Normal) (G1 Evacuation Pause)
[2025-12-20T07:25:34.731+0000][gc,task     ] GC(3) Using 2 workers of 2 for evacuation
[2025-12-20T07:25:35.488+0000][gc,mmu      ] GC(3) MMU target violated: 201.0ms (200.0ms/201.0ms)
[2025-12-20T07:25:35.495+0000][gc,phases   ] GC(3)   Pre Evacuate Collection Set: 1.0ms
[2025-12-20T07:25:35.496+0000][gc,phases   ] GC(3)   Merge Heap Roots: 2.5ms
[2025-12-20T07:25:35.503+0000][gc,phases   ] GC(3)   Evacuate Collection Set: 734.6ms
[2025-12-20T07:25:35.539+0000][gc,phases   ] GC(3)   Post Evacuate Collection Set: 16.7ms
[2025-12-20T07:25:35.550+0000][gc,phases   ] GC(3)   Other: 15.1ms
[2025-12-20T07:25:35.572+0000][gc,heap     ] GC(3) Eden regions: 233->0(227)
[2025-12-20T07:25:35.572+0000][gc,heap     ] GC(3) Survivor regions: 23->29(32)
[2025-12-20T07:25:35.573+0000][gc,heap     ] GC(3) Old regions: 0->13
[2025-12-20T07:25:35.573+0000][gc,heap     ] GC(3) Archive regions: 2->2
[2025-12-20T07:25:35.573+0000][gc,heap     ] GC(3) Humongous regions: 0->0
[2025-12-20T07:25:35.573+0000][gc,metaspace] GC(3) Metaspace: 22493K(22912K)->22493K(22912K) NonClass: 19758K(19968K)->19758K(19968K) Class: 2734K(2944K)->2734K(2944K)
[2025-12-20T07:25:35.574+0000][gc          ] GC(3) Pause Young (Normal) (G1 Evacuation Pause) 256M->41M(512M) 848.070ms
[2025-12-20T07:25:35.574+0000][gc,cpu      ] GC(3) User=0.13s Sys=0.04s Real=0.85s
[2025-12-20T07:26:03.073+0000][gc,start    ] GC(4) Pause Young (Normal) (G1 Evacuation Pause)
[2025-12-20T07:26:03.075+0000][gc,task     ] GC(4) Using 2 workers of 2 for evacuation
[2025-12-20T07:26:03.450+0000][gc,mmu      ] GC(4) MMU target violated: 201.0ms (200.0ms/201.0ms)
[2025-12-20T07:26:03.502+0000][gc,phases   ] GC(4)   Pre Evacuate Collection Set: 0.3ms
[2025-12-20T07:26:03.513+0000][gc,phases   ] GC(4)   Merge Heap Roots: 11.9ms
[2025-12-20T07:26:03.514+0000][gc,phases   ] GC(4)   Evacuate Collection Set: 346.5ms
[2025-12-20T07:26:03.523+0000][gc,phases   ] GC(4)   Post Evacuate Collection Set: 6.7ms
[2025-12-20T07:26:03.580+0000][gc,phases   ] GC(4)   Other: 63.6ms
[2025-12-20T07:26:03.586+0000][gc,heap     ] GC(4) Eden regions: 227->0(250)
[2025-12-20T07:26:03.586+0000][gc,heap     ] GC(4) Survivor regions: 29->6(32)
[2025-12-20T07:26:03.586+0000][gc,heap     ] GC(4) Old regions: 13->40
[2025-12-20T07:26:03.586+0000][gc,heap     ] GC(4) Archive regions: 2->2
[2025-12-20T07:26:03.587+0000][gc,heap     ] GC(4) Humongous regions: 0->0
[2025-12-20T07:26:03.595+0000][gc,metaspace] GC(4) Metaspace: 32576K(33024K)->32576K(33024K) NonClass: 28420K(28672K)->28420K(28672K) Class: 4156K(4352K)->4156K(4352K)
[2025-12-20T07:26:03.600+0000][gc          ] GC(4) Pause Young (Normal) (G1 Evacuation Pause) 268M->46M(512M) 526.573ms
[2025-12-20T07:26:03.633+0000][gc,cpu      ] GC(4) User=0.11s Sys=0.03s Real=0.56s
[2025-12-20T07:26:11.994+0000][gc,start    ] GC(5) Pause Young (Concurrent Start) (Metadata GC Threshold)
[2025-12-20T07:26:12.073+0000][gc,task     ] GC(5) Using 2 workers of 2 for evacuation
[2025-12-20T07:26:12.182+0000][gc,phases   ] GC(5)   Pre Evacuate Collection Set: 0.6ms
[2025-12-20T07:26:12.190+0000][gc,phases   ] GC(5)   Merge Heap Roots: 1.0ms
[2025-12-20T07:26:12.191+0000][gc,phases   ] GC(5)   Evacuate Collection Set: 93.8ms
[2025-12-20T07:26:12.191+0000][gc,phases   ] GC(5)   Post Evacuate Collection Set: 13.4ms
[2025-12-20T07:26:12.192+0000][gc,phases   ] GC(5)   Other: 79.2ms
[2025-12-20T07:26:12.192+0000][gc,heap     ] GC(5) Eden regions: 29->0(249)
[2025-12-20T07:26:12.196+0000][gc,heap     ] GC(5) Survivor regions: 6->7(32)
[2025-12-20T07:26:12.241+0000][gc,heap     ] GC(5) Old regions: 40->40
[2025-12-20T07:26:12.241+0000][gc,heap     ] GC(5) Archive regions: 2->2
[2025-12-20T07:26:12.241+0000][gc,heap     ] GC(5) Humongous regions: 0->0
[2025-12-20T07:26:12.248+0000][gc,metaspace] GC(5) Metaspace: 35542K(35968K)->35542K(35968K) NonClass: 31030K(31232K)->31030K(31232K) Class: 4511K(4736K)->4511K(4736K)
[2025-12-20T07:26:12.252+0000][gc          ] GC(5) Pause Young (Concurrent Start) (Metadata GC Threshold) 75M->47M(512M) 257.719ms
[2025-12-20T07:26:12.254+0000][gc,cpu      ] GC(5) User=0.04s Sys=0.00s Real=0.26s
[2025-12-20T07:26:12.305+0000][gc          ] GC(6) Concurrent Mark Cycle
[2025-12-20T07:26:12.311+0000][gc,marking  ] GC(6) Concurrent Clear Claimed Marks
[2025-12-20T07:26:12.313+0000][gc,marking  ] GC(6) Concurrent Clear Claimed Marks 1.776ms
[2025-12-20T07:26:12.315+0000][gc,marking  ] GC(6) Concurrent Scan Root Regions
[2025-12-20T07:26:12.343+0000][gc,marking  ] GC(6) Concurrent Scan Root Regions 28.669ms
[2025-12-20T07:26:12.357+0000][gc,marking  ] GC(6) Concurrent Mark
[2025-12-20T07:26:12.360+0000][gc,marking  ] GC(6) Concurrent Mark From Roots
[2025-12-20T07:26:12.362+0000][gc,task     ] GC(6) Using 1 workers of 1 for marking
[2025-12-20T07:26:12.810+0000][gc,marking  ] GC(6) Concurrent Mark From Roots 450.028ms
[2025-12-20T07:26:12.814+0000][gc,marking  ] GC(6) Concurrent Preclean
[2025-12-20T07:26:12.823+0000][gc,marking  ] GC(6) Concurrent Preclean 9.020ms
[2025-12-20T07:26:12.943+0000][gc,start    ] GC(6) Pause Remark
[2025-12-20T07:26:13.001+0000][gc          ] GC(6) Pause Remark 51M->51M(512M) 58.563ms
[2025-12-20T07:26:13.008+0000][gc,cpu      ] GC(6) User=0.01s Sys=0.00s Real=0.06s
[2025-12-20T07:26:13.011+0000][gc,marking  ] GC(6) Concurrent Mark 654.011ms
[2025-12-20T07:26:13.017+0000][gc,marking  ] GC(6) Concurrent Rebuild Remembered Sets
[2025-12-20T07:26:13.272+0000][gc,marking  ] GC(6) Concurrent Rebuild Remembered Sets 255.516ms
[2025-12-20T07:26:13.274+0000][gc,start    ] GC(6) Pause Cleanup
[2025-12-20T07:26:13.275+0000][gc          ] GC(6) Pause Cleanup 52M->52M(512M) 0.618ms
[2025-12-20T07:26:13.397+0000][gc,cpu      ] GC(6) User=0.00s Sys=0.00s Real=0.12s
[2025-12-20T07:26:13.400+0000][gc,marking  ] GC(6) Concurrent Cleanup for Next Mark
[2025-12-20T07:26:13.468+0000][gc,marking  ] GC(6) Concurrent Cleanup for Next Mark 67.851ms
[2025-12-20T07:26:13.483+0000][gc          ] GC(6) Concurrent Mark Cycle 1178.220ms
[2025-12-20T07:26:42.157+0000][gc,heap,exit] Heap
[2025-12-20T07:26:42.158+0000][gc,heap,exit]  garbage-first heap   total 524288K, used 58527K [0x00000000e0000000, 0x0000000100000000)
[2025-12-20T07:26:42.159+0000][gc,heap,exit]   region size 1024K, 17 young (17408K), 7 survivors (7168K)
[2025-12-20T07:26:42.161+0000][gc,heap,exit]  Metaspace       used 35597K, committed 36032K, reserved 1114112K
[2025-12-20T07:26:42.161+0000][gc,heap,exit]   class space    used 4523K, committed 4736K, reserved 1048576K
