[2025-12-20T07:26:52.048+0000][gc] Using G1
[2025-12-20T07:26:52.113+0000][gc,init] Version: 17.0.16+8-alpine-r0 (release)
[2025-12-20T07:26:52.118+0000][gc,init] CPUs: 2 total, 2 available
[2025-12-20T07:26:52.120+0000][gc,init] Memory: 7801M
[2025-12-20T07:26:52.120+0000][gc,init] Large Page Support: Disabled
[2025-12-20T07:26:52.120+0000][gc,init] NUMA Support: Disabled
[2025-12-20T07:26:52.120+0000][gc,init] Compressed Oops: Enabled (32-bit)
[2025-12-20T07:26:52.122+0000][gc,init] Heap Region Size: 1M
[2025-12-20T07:26:52.122+0000][gc,init] Heap Min Capacity: 512M
[2025-12-20T07:26:52.124+0000][gc,init] Heap Initial Capacity: 512M
[2025-12-20T07:26:52.124+0000][gc,init] Heap Max Capacity: 512M
[2025-12-20T07:26:52.125+0000][gc,init] Pre-touch: Disabled
[2025-12-20T07:26:52.125+0000][gc,init] Parallel Workers: 2
[2025-12-20T07:26:52.127+0000][gc,init] Concurrent Workers: 1
[2025-12-20T07:26:52.128+0000][gc,init] Concurrent Refinement Workers: 2
[2025-12-20T07:26:52.128+0000][gc,init] Periodic GC: Disabled
[2025-12-20T07:26:52.175+0000][gc,metaspace] CDS archive(s) mapped at: [0x00007d5657000000-0x00007d5657bc7000-0x00007d5657bc7000), size 12349440, SharedBaseAddress: 0x00007d5657000000, ArchiveRelocationMode: 1.
[2025-12-20T07:26:52.180+0000][gc,metaspace] Compressed class space mapped at: 0x00007d5658000000-0x00007d5698000000, reserved size: 1073741824
[2025-12-20T07:26:52.184+0000][gc,metaspace] Narrow klass base: 0x00007d5657000000, Narrow klass shift: 0, Narrow klass range: 0x100000000
[2025-12-20T07:28:10.582+0000][gc,start    ] GC(0) Pause Young (Normal) (G1 Evacuation Pause)
[2025-12-20T07:28:10.596+0000][gc,task     ] GC(0) Using 2 workers of 2 for evacuation
[2025-12-20T07:28:10.831+0000][gc,mmu      ] GC(0) MMU target violated: 201.0ms (200.0ms/201.0ms)
[2025-12-20T07:28:10.840+0000][gc,phases   ] GC(0)   Pre Evacuate Collection Set: 0.8ms
[2025-12-20T07:28:10.850+0000][gc,phases   ] GC(0)   Merge Heap Roots: 2.1ms
[2025-12-20T07:28:10.855+0000][gc,phases   ] GC(0)   Evacuate Collection Set: 212.0ms
[2025-12-20T07:28:10.860+0000][gc,phases   ] GC(0)   Post Evacuate Collection Set: 14.0ms
[2025-12-20T07:28:10.890+0000][gc,phases   ] GC(0)   Other: 29.4ms
[2025-12-20T07:28:10.969+0000][gc,heap     ] GC(0) Eden regions: 256->0(243)
[2025-12-20T07:28:10.969+0000][gc,heap     ] GC(0) Survivor regions: 0->13(32)
[2025-12-20T07:28:10.969+0000][gc,heap     ] GC(0) Old regions: 0->0
[2025-12-20T07:28:10.972+0000][gc,heap     ] GC(0) Archive regions: 2->2
[2025-12-20T07:28:10.972+0000][gc,heap     ] GC(0) Humongous regions: 0->0
[2025-12-20T07:28:11.063+0000][gc,metaspace] GC(0) Metaspace: 20339K(20672K)->20339K(20672K) NonClass: 17813K(17984K)->17813K(17984K) Class: 2525K(2688K)->2525K(2688K)
[2025-12-20T07:28:11.064+0000][gc          ] GC(0) Pause Young (Normal) (G1 Evacuation Pause) 256M->13M(512M) 481.812ms
[2025-12-20T07:28:11.064+0000][gc,cpu      ] GC(0) User=0.05s Sys=0.02s Real=0.48s
[2025-12-20T07:28:15.420+0000][gc,start    ] GC(1) Pause Young (Concurrent Start) (Metadata GC Threshold)
[2025-12-20T07:28:15.427+0000][gc,task     ] GC(1) Using 2 workers of 2 for evacuation
[2025-12-20T07:28:15.661+0000][gc,mmu      ] GC(1) MMU target violated: 201.0ms (200.0ms/201.0ms)
[2025-12-20T07:28:15.682+0000][gc,phases   ] GC(1)   Pre Evacuate Collection Set: 0.9ms
[2025-12-20T07:28:15.772+0000][gc,phases   ] GC(1)   Merge Heap Roots: 2.5ms
[2025-12-20T07:28:15.786+0000][gc,phases   ] GC(1)   Evacuate Collection Set: 207.3ms
[2025-12-20T07:28:15.794+0000][gc,phases   ] GC(1)   Post Evacuate Collection Set: 20.8ms
[2025-12-20T07:28:15.794+0000][gc,phases   ] GC(1)   Other: 31.4ms
[2025-12-20T07:28:15.810+0000][gc,heap     ] GC(1) Eden regions: 81->0(236)
[2025-12-20T07:28:15.810+0000][gc,heap     ] GC(1) Survivor regions: 13->20(32)
[2025-12-20T07:28:15.821+0000][gc,heap     ] GC(1) Old regions: 0->0
[2025-12-20T07:28:15.887+0000][gc,heap     ] GC(1) Archive regions: 2->2
[2025-12-20T07:28:15.887+0000][gc,heap     ] GC(1) Humongous regions: 0->0
[2025-12-20T07:28:15.948+0000][gc,metaspace] GC(1) Metaspace: 21085K(21504K)->21085K(21504K) NonClass: 18486K(18688K)->18486K(18688K) Class: 2598K(2816K)->2598K(2816K)
[2025-12-20T07:28:15.948+0000][gc          ] GC(1) Pause Young (Concurrent Start) (Metadata GC Threshold) 94M->20M(512M) 528.920ms
[2025-12-20T07:28:15.955+0000][gc,cpu      ] GC(1) User=0.05s Sys=0.01s Real=0.54s
[2025-12-20T07:28:15.961+0000][gc          ] GC(2) Concurrent Mark Cycle
[2025-12-20T07:28:16.001+0000][gc,marking  ] GC(2) Concurrent Clear Claimed Marks
[2025-12-20T07:28:16.016+0000][gc,marking  ] GC(2) Concurrent Clear Claimed Marks 15.392ms
[2025-12-20T07:28:16.035+0000][gc,marking  ] GC(2) Concurrent Scan Root Regions
[2025-12-20T07:28:16.116+0000][gc,marking  ] GC(2) Concurrent Scan Root Regions 81.579ms
[2025-12-20T07:28:16.134+0000][gc,marking  ] GC(2) Concurrent Mark
[2025-12-20T07:28:16.140+0000][gc,marking  ] GC(2) Concurrent Mark From Roots
[2025-12-20T07:28:16.142+0000][gc,task     ] GC(2) Using 1 workers of 1 for marking
[2025-12-20T07:28:16.168+0000][gc,marking  ] GC(2) Concurrent Mark From Roots 27.222ms
[2025-12-20T07:28:16.323+0000][gc,marking  ] GC(2) Concurrent Preclean
[2025-12-20T07:28:16.357+0000][gc,marking  ] GC(2) Concurrent Preclean 33.655ms
[2025-12-20T07:28:16.394+0000][gc,start    ] GC(2) Pause Remark
[2025-12-20T07:28:16.450+0000][gc          ] GC(2) Pause Remark 33M->33M(512M) 55.891ms
[2025-12-20T07:28:16.528+0000][gc,cpu      ] GC(2) User=0.01s Sys=0.00s Real=0.13s
[2025-12-20T07:28:16.553+0000][gc,marking  ] GC(2) Concurrent Mark 418.623ms
[2025-12-20T07:28:16.562+0000][gc,marking  ] GC(2) Concurrent Rebuild Remembered Sets
[2025-12-20T07:28:16.572+0000][gc,marking  ] GC(2) Concurrent Rebuild Remembered Sets 10.546ms
[2025-12-20T07:28:16.592+0000][gc,start    ] GC(2) Pause Cleanup
[2025-12-20T07:28:16.606+0000][gc          ] GC(2) Pause Cleanup 36M->36M(512M) 14.317ms
[2025-12-20T07:28:16.613+0000][gc,cpu      ] GC(2) User=0.00s Sys=0.00s Real=0.02s
[2025-12-20T07:28:16.620+0000][gc,marking  ] GC(2) Concurrent Cleanup for Next Mark
[2025-12-20T07:28:16.891+0000][gc,marking  ] GC(2) Concurrent Cleanup for Next Mark 271.270ms
[2025-12-20T07:28:16.904+0000][gc          ] GC(2) Concurrent Mark Cycle 942.935ms
[2025-12-20T07:28:28.303+0000][gc,start    ] GC(3) Pause Young (Normal) (G1 Evacuation Pause)
[2025-12-20T07:28:28.350+0000][gc,task     ] GC(3) Using 2 workers of 2 for evacuation
[2025-12-20T07:28:29.008+0000][gc,mmu      ] GC(3) MMU target violated: 201.0ms (200.0ms/201.0ms)
[2025-12-20T07:28:29.008+0000][gc,phases   ] GC(3)   Pre Evacuate Collection Set: 0.2ms
[2025-12-20T07:28:29.016+0000][gc,phases   ] GC(3)   Merge Heap Roots: 1.4ms
[2025-12-20T07:28:29.018+0000][gc,phases   ] GC(3)   Evacuate Collection Set: 636.4ms
[2025-12-20T07:28:29.022+0000][gc,phases   ] GC(3)   Post Evacuate Collection Set: 15.3ms
[2025-12-20T07:28:29.029+0000][gc,phases   ] GC(3)   Other: 51.7ms
[2025-12-20T07:28:29.032+0000][gc,heap     ] GC(3) Eden regions: 236->0(228)
[2025-12-20T07:28:29.033+0000][gc,heap     ] GC(3) Survivor regions: 20->28(32)
[2025-12-20T07:28:29.065+0000][gc,heap     ] GC(3) Old regions: 0->13
[2025-12-20T07:28:29.100+0000][gc,heap     ] GC(3) Archive regions: 2->2
[2025-12-20T07:28:29.119+0000][gc,heap     ] GC(3) Humongous regions: 0->0
[2025-12-20T07:28:29.121+0000][gc,metaspace] GC(3) Metaspace: 21357K(21760K)->21357K(21760K) NonClass: 18722K(18944K)->18722K(18944K) Class: 2635K(2816K)->2635K(2816K)
[2025-12-20T07:28:29.145+0000][gc          ] GC(3) Pause Young (Normal) (G1 Evacuation Pause) 256M->41M(512M) 841.479ms
[2025-12-20T07:28:29.180+0000][gc,cpu      ] GC(3) User=0.13s Sys=0.06s Real=0.87s
[2025-12-20T07:29:30.881+0000][gc,start    ] GC(4) Pause Young (Normal) (G1 Evacuation Pause)
[2025-12-20T07:29:30.905+0000][gc,task     ] GC(4) Using 2 workers of 2 for evacuation
[2025-12-20T07:29:34.220+0000][gc,mmu      ] GC(4) MMU target violated: 201.0ms (200.0ms/201.0ms)
[2025-12-20T07:29:34.227+0000][gc,phases   ] GC(4)   Pre Evacuate Collection Set: 14.7ms
[2025-12-20T07:29:34.254+0000][gc,phases   ] GC(4)   Merge Heap Roots: 52.4ms
[2025-12-20T07:29:34.316+0000][gc,phases   ] GC(4)   Evacuate Collection Set: 3179.0ms
[2025-12-20T07:29:34.474+0000][gc,phases   ] GC(4)   Post Evacuate Collection Set: 50.3ms
[2025-12-20T07:29:34.475+0000][gc,phases   ] GC(4)   Other: 50.1ms
[2025-12-20T07:29:34.475+0000][gc,heap     ] GC(4) Eden regions: 228->0(250)
[2025-12-20T07:29:34.475+0000][gc,heap     ] GC(4) Survivor regions: 28->6(32)
[2025-12-20T07:29:34.502+0000][gc,heap     ] GC(4) Old regions: 13->40
[2025-12-20T07:29:34.504+0000][gc,heap     ] GC(4) Archive regions: 2->2
[2025-12-20T07:29:34.514+0000][gc,heap     ] GC(4) Humongous regions: 0->0
[2025-12-20T07:29:34.560+0000][gc,metaspace] GC(4) Metaspace: 30805K(31232K)->30805K(31232K) NonClass: 26958K(27200K)->26958K(27200K) Class: 3847K(4032K)->3847K(4032K)
[2025-12-20T07:29:34.565+0000][gc          ] GC(4) Pause Young (Normal) (G1 Evacuation Pause) 269M->46M(512M) 3683.966ms
[2025-12-20T07:29:34.566+0000][gc,cpu      ] GC(4) User=0.40s Sys=0.11s Real=3.68s
[2025-12-20T07:29:50.753+0000][gc,start    ] GC(5) Pause Young (Concurrent Start) (Metadata GC Threshold)
[2025-12-20T07:29:50.757+0000][gc,task     ] GC(5) Using 2 workers of 2 for evacuation
[2025-12-20T07:29:51.036+0000][gc,mmu      ] GC(5) MMU target violated: 201.0ms (200.0ms/201.0ms)
[2025-12-20T07:29:51.038+0000][gc,phases   ] GC(5)   Pre Evacuate Collection Set: 0.2ms
[2025-12-20T07:29:51.044+0000][gc,phases   ] GC(5)   Merge Heap Roots: 0.1ms
[2025-12-20T07:29:51.053+0000][gc,phases   ] GC(5)   Evacuate Collection Set: 276.4ms
[2025-12-20T07:29:51.059+0000][gc,phases   ] GC(5)   Post Evacuate Collection Set: 1.3ms
[2025-12-20T07:29:51.061+0000][gc,phases   ] GC(5)   Other: 7.7ms
[2025-12-20T07:29:51.066+0000][gc,heap     ] GC(5) Eden regions: 64->0(248)
[2025-12-20T07:29:51.070+0000][gc,heap     ] GC(5) Survivor regions: 6->8(32)
[2025-12-20T07:29:51.070+0000][gc,heap     ] GC(5) Old regions: 40->40
[2025-12-20T07:29:51.071+0000][gc,heap     ] GC(5) Archive regions: 2->2
[2025-12-20T07:29:51.079+0000][gc,heap     ] GC(5) Humongous regions: 0->0
[2025-12-20T07:29:51.083+0000][gc,metaspace] GC(5) Metaspace: 35578K(35968K)->35578K(35968K) NonClass: 31076K(31296K)->31076K(31296K) Class: 4502K(4672K)->4502K(4672K)
[2025-12-20T07:29:51.087+0000][gc          ] GC(5) Pause Young (Concurrent Start) (Metadata GC Threshold) 109M->47M(512M) 334.434ms
[2025-12-20T07:29:51.095+0000][gc,cpu      ] GC(5) User=0.07s Sys=0.01s Real=0.34s
[2025-12-20T07:29:51.101+0000][gc          ] GC(6) Concurrent Mark Cycle
[2025-12-20T07:29:51.108+0000][gc,marking  ] GC(6) Concurrent Clear Claimed Marks
[2025-12-20T07:29:51.226+0000][gc,marking  ] GC(6) Concurrent Clear Claimed Marks 117.866ms
[2025-12-20T07:29:51.232+0000][gc,marking  ] GC(6) Concurrent Scan Root Regions
[2025-12-20T07:29:51.342+0000][gc,marking  ] GC(6) Concurrent Scan Root Regions 109.353ms
[2025-12-20T07:29:51.354+0000][gc,marking  ] GC(6) Concurrent Mark
[2025-12-20T07:29:51.373+0000][gc,marking  ] GC(6) Concurrent Mark From Roots
[2025-12-20T07:29:51.375+0000][gc,task     ] GC(6) Using 1 workers of 1 for marking
[2025-12-20T07:29:51.888+0000][gc,marking  ] GC(6) Concurrent Mark From Roots 515.159ms
[2025-12-20T07:29:51.898+0000][gc,marking  ] GC(6) Concurrent Preclean
[2025-12-20T07:29:51.900+0000][gc,marking  ] GC(6) Concurrent Preclean 2.555ms
[2025-12-20T07:29:51.911+0000][gc,start    ] GC(6) Pause Remark
[2025-12-20T07:29:51.967+0000][gc          ] GC(6) Pause Remark 53M->53M(512M) 56.350ms
[2025-12-20T07:29:51.969+0000][gc,cpu      ] GC(6) User=0.02s Sys=0.00s Real=0.05s
[2025-12-20T07:29:51.970+0000][gc,marking  ] GC(6) Concurrent Mark 616.269ms
[2025-12-20T07:29:51.973+0000][gc,marking  ] GC(6) Concurrent Rebuild Remembered Sets
[2025-12-20T07:29:52.075+0000][gc,marking  ] GC(6) Concurrent Rebuild Remembered Sets 102.090ms
[2025-12-20T07:29:52.082+0000][gc,start    ] GC(6) Pause Cleanup
[2025-12-20T07:29:52.082+0000][gc          ] GC(6) Pause Cleanup 53M->53M(512M) 0.604ms
[2025-12-20T07:29:52.097+0000][gc,cpu      ] GC(6) User=0.00s Sys=0.00s Real=0.01s
[2025-12-20T07:29:52.108+0000][gc,marking  ] GC(6) Concurrent Cleanup for Next Mark
[2025-12-20T07:29:52.181+0000][gc,marking  ] GC(6) Concurrent Cleanup for Next Mark 72.738ms
[2025-12-20T07:29:52.184+0000][gc          ] GC(6) Concurrent Mark Cycle 1083.154ms
[2025-12-20T07:30:06.372+0000][gc,heap,exit] Heap
[2025-12-20T07:30:06.373+0000][gc,heap,exit]  garbage-first heap   total 524288K, used 57677K [0x00000000e0000000, 0x0000000100000000)
[2025-12-20T07:30:06.374+0000][gc,heap,exit]   region size 1024K, 17 young (17408K), 8 survivors (8192K)
[2025-12-20T07:30:06.374+0000][gc,heap,exit]  Metaspace       used 35665K, committed 36096K, reserved 1114112K
[2025-12-20T07:30:06.374+0000][gc,heap,exit]   class space    used 4521K, committed 4736K, reserved 1048576K
