[2025-12-20T07:21:30.848+0000][gc] Using G1
[2025-12-20T07:21:30.965+0000][gc,init] Version: 17.0.16+8-alpine-r0 (release)
[2025-12-20T07:21:30.980+0000][gc,init] CPUs: 2 total, 2 available
[2025-12-20T07:21:30.982+0000][gc,init] Memory: 7801M
[2025-12-20T07:21:31.029+0000][gc,init] Large Page Support: Disabled
[2025-12-20T07:21:31.060+0000][gc,init] NUMA Support: Disabled
[2025-12-20T07:21:31.060+0000][gc,init] Compressed Oops: Enabled (32-bit)
[2025-12-20T07:21:31.061+0000][gc,init] Heap Region Size: 1M
[2025-12-20T07:21:31.061+0000][gc,init] Heap Min Capacity: 512M
[2025-12-20T07:21:31.068+0000][gc,init] Heap Initial Capacity: 512M
[2025-12-20T07:21:31.078+0000][gc,init] Heap Max Capacity: 512M
[2025-12-20T07:21:31.100+0000][gc,init] Pre-touch: Disabled
[2025-12-20T07:21:31.101+0000][gc,init] Parallel Workers: 2
[2025-12-20T07:21:31.103+0000][gc,init] Concurrent Workers: 1
[2025-12-20T07:21:31.126+0000][gc,init] Concurrent Refinement Workers: 2
[2025-12-20T07:21:31.162+0000][gc,init] Periodic GC: Disabled
[2025-12-20T07:21:31.274+0000][gc,metaspace] CDS archive(s) mapped at: [0x00007d0f2d000000-0x00007d0f2dbc7000-0x00007d0f2dbc7000), size 12349440, SharedBaseAddress: 0x00007d0f2d000000, ArchiveRelocationMode: 1.
[2025-12-20T07:21:31.308+0000][gc,metaspace] Compressed class space mapped at: 0x00007d0f2e000000-0x00007d0f6e000000, reserved size: 1073741824
[2025-12-20T07:21:31.309+0000][gc,metaspace] Narrow klass base: 0x00007d0f2d000000, Narrow klass shift: 0, Narrow klass range: 0x100000000
[2025-12-20T07:23:01.858+0000][gc,start    ] GC(0) Pause Young (Normal) (G1 Evacuation Pause)
[2025-12-20T07:23:01.877+0000][gc,task     ] GC(0) Using 2 workers of 2 for evacuation
[2025-12-20T07:23:02.832+0000][gc,mmu      ] GC(0) MMU target violated: 201.0ms (200.0ms/201.0ms)
[2025-12-20T07:23:02.833+0000][gc,phases   ] GC(0)   Pre Evacuate Collection Set: 0.9ms
[2025-12-20T07:23:02.834+0000][gc,phases   ] GC(0)   Merge Heap Roots: 0.2ms
[2025-12-20T07:23:02.834+0000][gc,phases   ] GC(0)   Evacuate Collection Set: 942.3ms
[2025-12-20T07:23:02.834+0000][gc,phases   ] GC(0)   Post Evacuate Collection Set: 9.7ms
[2025-12-20T07:23:02.834+0000][gc,phases   ] GC(0)   Other: 21.5ms
[2025-12-20T07:23:02.834+0000][gc,heap     ] GC(0) Eden regions: 256->0(243)
[2025-12-20T07:23:02.834+0000][gc,heap     ] GC(0) Survivor regions: 0->13(32)
[2025-12-20T07:23:02.835+0000][gc,heap     ] GC(0) Old regions: 0->0
[2025-12-20T07:23:02.835+0000][gc,heap     ] GC(0) Archive regions: 2->2
[2025-12-20T07:23:02.835+0000][gc,heap     ] GC(0) Humongous regions: 0->0
[2025-12-20T07:23:02.836+0000][gc,metaspace] GC(0) Metaspace: 20276K(20672K)->20276K(20672K) NonClass: 17755K(17984K)->17755K(17984K) Class: 2521K(2688K)->2521K(2688K)
[2025-12-20T07:23:02.838+0000][gc          ] GC(0) Pause Young (Normal) (G1 Evacuation Pause) 256M->13M(512M) 979.573ms
[2025-12-20T07:23:02.838+0000][gc,cpu      ] GC(0) User=0.23s Sys=0.03s Real=0.98s
[2025-12-20T07:23:16.375+0000][gc,start    ] GC(1) Pause Young (Concurrent Start) (Metadata GC Threshold)
[2025-12-20T07:23:16.398+0000][gc,task     ] GC(1) Using 2 workers of 2 for evacuation
[2025-12-20T07:23:16.692+0000][gc,mmu      ] GC(1) MMU target violated: 201.0ms (200.0ms/201.0ms)
[2025-12-20T07:23:16.711+0000][gc,phases   ] GC(1)   Pre Evacuate Collection Set: 0.2ms
[2025-12-20T07:23:16.724+0000][gc,phases   ] GC(1)   Merge Heap Roots: 0.1ms
[2025-12-20T07:23:16.725+0000][gc,phases   ] GC(1)   Evacuate Collection Set: 233.9ms
[2025-12-20T07:23:16.734+0000][gc,phases   ] GC(1)   Post Evacuate Collection Set: 23.1ms
[2025-12-20T07:23:16.804+0000][gc,phases   ] GC(1)   Other: 79.4ms
[2025-12-20T07:23:16.813+0000][gc,heap     ] GC(1) Eden regions: 133->0(231)
[2025-12-20T07:23:16.837+0000][gc,heap     ] GC(1) Survivor regions: 13->25(32)
[2025-12-20T07:23:16.838+0000][gc,heap     ] GC(1) Old regions: 0->0
[2025-12-20T07:23:16.842+0000][gc,heap     ] GC(1) Archive regions: 2->2
[2025-12-20T07:23:16.847+0000][gc,heap     ] GC(1) Humongous regions: 0->0
[2025-12-20T07:23:16.851+0000][gc,metaspace] GC(1) Metaspace: 21131K(21504K)->21131K(21504K) NonClass: 18527K(18688K)->18527K(18688K) Class: 2604K(2816K)->2604K(2816K)
[2025-12-20T07:23:16.852+0000][gc          ] GC(1) Pause Young (Concurrent Start) (Metadata GC Threshold) 146M->25M(512M) 477.296ms
[2025-12-20T07:23:16.855+0000][gc,cpu      ] GC(1) User=0.08s Sys=0.01s Real=0.48s
[2025-12-20T07:23:16.858+0000][gc          ] GC(2) Concurrent Mark Cycle
[2025-12-20T07:23:16.864+0000][gc,marking  ] GC(2) Concurrent Clear Claimed Marks
[2025-12-20T07:23:16.865+0000][gc,marking  ] GC(2) Concurrent Clear Claimed Marks 0.610ms
[2025-12-20T07:23:16.865+0000][gc,marking  ] GC(2) Concurrent Scan Root Regions
[2025-12-20T07:23:16.948+0000][gc,marking  ] GC(2) Concurrent Scan Root Regions 82.633ms
[2025-12-20T07:23:16.980+0000][gc,marking  ] GC(2) Concurrent Mark
[2025-12-20T07:23:16.984+0000][gc,marking  ] GC(2) Concurrent Mark From Roots
[2025-12-20T07:23:16.994+0000][gc,task     ] GC(2) Using 1 workers of 1 for marking
[2025-12-20T07:23:17.034+0000][gc,marking  ] GC(2) Concurrent Mark From Roots 50.018ms
[2025-12-20T07:23:17.040+0000][gc,marking  ] GC(2) Concurrent Preclean
[2025-12-20T07:23:17.042+0000][gc,marking  ] GC(2) Concurrent Preclean 2.022ms
[2025-12-20T07:23:17.063+0000][gc,start    ] GC(2) Pause Remark
[2025-12-20T07:23:17.118+0000][gc          ] GC(2) Pause Remark 28M->28M(512M) 55.602ms
[2025-12-20T07:23:17.151+0000][gc,cpu      ] GC(2) User=0.01s Sys=0.00s Real=0.09s
[2025-12-20T07:23:17.170+0000][gc,marking  ] GC(2) Concurrent Mark 189.666ms
[2025-12-20T07:23:17.186+0000][gc,marking  ] GC(2) Concurrent Rebuild Remembered Sets
[2025-12-20T07:23:17.187+0000][gc,marking  ] GC(2) Concurrent Rebuild Remembered Sets 0.741ms
[2025-12-20T07:23:17.188+0000][gc,start    ] GC(2) Pause Cleanup
[2025-12-20T07:23:17.268+0000][gc          ] GC(2) Pause Cleanup 29M->29M(512M) 80.044ms
[2025-12-20T07:23:17.268+0000][gc,cpu      ] GC(2) User=0.01s Sys=0.00s Real=0.08s
[2025-12-20T07:23:17.281+0000][gc,marking  ] GC(2) Concurrent Cleanup for Next Mark
[2025-12-20T07:23:17.419+0000][gc,marking  ] GC(2) Concurrent Cleanup for Next Mark 137.285ms
[2025-12-20T07:23:17.440+0000][gc          ] GC(2) Concurrent Mark Cycle 581.289ms
[2025-12-20T07:23:27.407+0000][gc,start    ] GC(3) Pause Young (Normal) (G1 Evacuation Pause)
[2025-12-20T07:23:27.410+0000][gc,task     ] GC(3) Using 2 workers of 2 for evacuation
[2025-12-20T07:23:27.867+0000][gc,mmu      ] GC(3) MMU target violated: 201.0ms (200.0ms/201.0ms)
[2025-12-20T07:23:27.867+0000][gc,phases   ] GC(3)   Pre Evacuate Collection Set: 0.2ms
[2025-12-20T07:23:27.869+0000][gc,phases   ] GC(3)   Merge Heap Roots: 0.0ms
[2025-12-20T07:23:27.870+0000][gc,phases   ] GC(3)   Evacuate Collection Set: 436.3ms
[2025-12-20T07:23:27.870+0000][gc,phases   ] GC(3)   Post Evacuate Collection Set: 14.6ms
[2025-12-20T07:23:27.870+0000][gc,phases   ] GC(3)   Other: 9.0ms
[2025-12-20T07:23:27.873+0000][gc,heap     ] GC(3) Eden regions: 231->0(227)
[2025-12-20T07:23:27.876+0000][gc,heap     ] GC(3) Survivor regions: 25->29(32)
[2025-12-20T07:23:27.876+0000][gc,heap     ] GC(3) Old regions: 0->13
[2025-12-20T07:23:27.876+0000][gc,heap     ] GC(3) Archive regions: 2->2
[2025-12-20T07:23:27.876+0000][gc,heap     ] GC(3) Humongous regions: 0->0
[2025-12-20T07:23:27.876+0000][gc,metaspace] GC(3) Metaspace: 22899K(23296K)->22899K(23296K) NonClass: 20108K(20288K)->20108K(20288K) Class: 2790K(3008K)->2790K(3008K)
[2025-12-20T07:23:27.877+0000][gc          ] GC(3) Pause Young (Normal) (G1 Evacuation Pause) 256M->42M(512M) 469.429ms
[2025-12-20T07:23:27.877+0000][gc,cpu      ] GC(3) User=0.10s Sys=0.05s Real=0.47s
[2025-12-20T07:23:52.589+0000][gc,start    ] GC(4) Pause Young (Normal) (G1 Evacuation Pause)
[2025-12-20T07:23:52.593+0000][gc,task     ] GC(4) Using 2 workers of 2 for evacuation
[2025-12-20T07:23:53.451+0000][gc,mmu      ] GC(4) MMU target violated: 201.0ms (200.0ms/201.0ms)
[2025-12-20T07:23:53.475+0000][gc,phases   ] GC(4)   Pre Evacuate Collection Set: 0.2ms
[2025-12-20T07:23:53.480+0000][gc,phases   ] GC(4)   Merge Heap Roots: 0.2ms
[2025-12-20T07:23:53.487+0000][gc,phases   ] GC(4)   Evacuate Collection Set: 829.0ms
[2025-12-20T07:23:53.490+0000][gc,phases   ] GC(4)   Post Evacuate Collection Set: 13.6ms
[2025-12-20T07:23:53.490+0000][gc,phases   ] GC(4)   Other: 43.4ms
[2025-12-20T07:23:53.491+0000][gc,heap     ] GC(4) Eden regions: 227->0(249)
[2025-12-20T07:23:53.492+0000][gc,heap     ] GC(4) Survivor regions: 29->7(32)
[2025-12-20T07:23:53.493+0000][gc,heap     ] GC(4) Old regions: 13->41
[2025-12-20T07:23:53.497+0000][gc,heap     ] GC(4) Archive regions: 2->2
[2025-12-20T07:23:53.499+0000][gc,heap     ] GC(4) Humongous regions: 0->0
[2025-12-20T07:23:53.499+0000][gc,metaspace] GC(4) Metaspace: 35559K(35968K)->35559K(35968K) NonClass: 31051K(31296K)->31051K(31296K) Class: 4508K(4672K)->4508K(4672K)
[2025-12-20T07:23:53.501+0000][gc          ] GC(4) Pause Young (Normal) (G1 Evacuation Pause) 269M->48M(512M) 912.578ms
[2025-12-20T07:23:53.502+0000][gc,cpu      ] GC(4) User=0.06s Sys=0.16s Real=0.92s
[2025-12-20T07:23:53.528+0000][gc,start    ] GC(5) Pause Young (Concurrent Start) (Metadata GC Threshold)
[2025-12-20T07:23:53.535+0000][gc,task     ] GC(5) Using 2 workers of 2 for evacuation
[2025-12-20T07:23:53.624+0000][gc,phases   ] GC(5)   Pre Evacuate Collection Set: 3.7ms
[2025-12-20T07:23:53.630+0000][gc,phases   ] GC(5)   Merge Heap Roots: 0.9ms
[2025-12-20T07:23:53.633+0000][gc,phases   ] GC(5)   Evacuate Collection Set: 72.8ms
[2025-12-20T07:23:53.635+0000][gc,phases   ] GC(5)   Post Evacuate Collection Set: 7.2ms
[2025-12-20T07:23:53.637+0000][gc,phases   ] GC(5)   Other: 10.5ms
[2025-12-20T07:23:53.638+0000][gc,heap     ] GC(5) Eden regions: 1->0(249)
[2025-12-20T07:23:53.640+0000][gc,heap     ] GC(5) Survivor regions: 7->7(32)
[2025-12-20T07:23:53.647+0000][gc,heap     ] GC(5) Old regions: 41->41
[2025-12-20T07:23:53.648+0000][gc,heap     ] GC(5) Archive regions: 2->2
[2025-12-20T07:23:53.649+0000][gc,heap     ] GC(5) Humongous regions: 0->0
[2025-12-20T07:23:53.667+0000][gc,metaspace] GC(5) Metaspace: 35563K(35968K)->35563K(35968K) NonClass: 31054K(31296K)->31054K(31296K) Class: 4509K(4672K)->4509K(4672K)
[2025-12-20T07:23:53.669+0000][gc          ] GC(5) Pause Young (Concurrent Start) (Metadata GC Threshold) 49M->48M(512M) 140.370ms
[2025-12-20T07:23:53.671+0000][gc,cpu      ] GC(5) User=0.01s Sys=0.00s Real=0.15s
[2025-12-20T07:23:53.671+0000][gc          ] GC(6) Concurrent Mark Cycle
[2025-12-20T07:23:53.672+0000][gc,marking  ] GC(6) Concurrent Clear Claimed Marks
[2025-12-20T07:23:53.674+0000][gc,marking  ] GC(6) Concurrent Clear Claimed Marks 2.113ms
[2025-12-20T07:23:53.675+0000][gc,marking  ] GC(6) Concurrent Scan Root Regions
[2025-12-20T07:23:53.703+0000][gc,marking  ] GC(6) Concurrent Scan Root Regions 28.762ms
[2025-12-20T07:23:53.713+0000][gc,marking  ] GC(6) Concurrent Mark
[2025-12-20T07:23:53.714+0000][gc,marking  ] GC(6) Concurrent Mark From Roots
[2025-12-20T07:23:53.715+0000][gc,task     ] GC(6) Using 1 workers of 1 for marking
[2025-12-20T07:23:53.967+0000][gc,marking  ] GC(6) Concurrent Mark From Roots 252.877ms
[2025-12-20T07:23:53.967+0000][gc,marking  ] GC(6) Concurrent Preclean
[2025-12-20T07:23:53.968+0000][gc,marking  ] GC(6) Concurrent Preclean 0.625ms
[2025-12-20T07:23:53.968+0000][gc,start    ] GC(6) Pause Remark
[2025-12-20T07:23:54.008+0000][gc          ] GC(6) Pause Remark 53M->53M(512M) 40.088ms
[2025-12-20T07:23:54.009+0000][gc,cpu      ] GC(6) User=0.01s Sys=0.00s Real=0.04s
[2025-12-20T07:23:54.012+0000][gc,marking  ] GC(6) Concurrent Mark 299.120ms
[2025-12-20T07:23:54.013+0000][gc,marking  ] GC(6) Concurrent Rebuild Remembered Sets
[2025-12-20T07:23:54.125+0000][gc,marking  ] GC(6) Concurrent Rebuild Remembered Sets 112.192ms
[2025-12-20T07:23:54.127+0000][gc,start    ] GC(6) Pause Cleanup
[2025-12-20T07:23:54.129+0000][gc          ] GC(6) Pause Cleanup 53M->53M(512M) 1.860ms
[2025-12-20T07:23:54.130+0000][gc,cpu      ] GC(6) User=0.00s Sys=0.00s Real=0.00s
[2025-12-20T07:23:54.130+0000][gc,marking  ] GC(6) Concurrent Cleanup for Next Mark
[2025-12-20T07:23:54.227+0000][gc,marking  ] GC(6) Concurrent Cleanup for Next Mark 96.340ms
[2025-12-20T07:23:54.227+0000][gc          ] GC(6) Concurrent Mark Cycle 555.672ms
[2025-12-20T07:23:54.229+0000][gc,heap,exit] Heap
[2025-12-20T07:23:54.230+0000][gc,heap,exit]  garbage-first heap   total 524288K, used 54373K [0x00000000e0000000, 0x0000000100000000)
[2025-12-20T07:23:54.230+0000][gc,heap,exit]   region size 1024K, 12 young (12288K), 7 survivors (7168K)
[2025-12-20T07:23:54.230+0000][gc,heap,exit]  Metaspace       used 35609K, committed 36032K, reserved 1114112K
[2025-12-20T07:23:54.232+0000][gc,heap,exit]   class space    used 4518K, committed 4736K, reserved 1048576K
