[2025-12-20T07:34:58.595+0000][gc] Using G1
[2025-12-20T07:34:58.669+0000][gc,init] Version: 17.0.16+8-alpine-r0 (release)
[2025-12-20T07:34:58.685+0000][gc,init] CPUs: 2 total, 2 available
[2025-12-20T07:34:58.693+0000][gc,init] Memory: 7801M
[2025-12-20T07:34:58.693+0000][gc,init] Large Page Support: Disabled
[2025-12-20T07:34:58.693+0000][gc,init] NUMA Support: Disabled
[2025-12-20T07:34:58.693+0000][gc,init] Compressed Oops: Enabled (32-bit)
[2025-12-20T07:34:58.693+0000][gc,init] Heap Region Size: 1M
[2025-12-20T07:34:58.694+0000][gc,init] Heap Min Capacity: 512M
[2025-12-20T07:34:58.694+0000][gc,init] Heap Initial Capacity: 512M
[2025-12-20T07:34:58.695+0000][gc,init] Heap Max Capacity: 512M
[2025-12-20T07:34:58.695+0000][gc,init] Pre-touch: Disabled
[2025-12-20T07:34:58.699+0000][gc,init] Parallel Workers: 2
[2025-12-20T07:34:58.700+0000][gc,init] Concurrent Workers: 1
[2025-12-20T07:34:58.700+0000][gc,init] Concurrent Refinement Workers: 2
[2025-12-20T07:34:58.703+0000][gc,init] Periodic GC: Disabled
[2025-12-20T07:34:58.803+0000][gc,metaspace] CDS archive(s) mapped at: [0x00007696e5000000-0x00007696e5bc7000-0x00007696e5bc7000), size 12349440, SharedBaseAddress: 0x00007696e5000000, ArchiveRelocationMode: 1.
[2025-12-20T07:34:58.810+0000][gc,metaspace] Compressed class space mapped at: 0x00007696e6000000-0x0000769726000000, reserved size: 1073741824
[2025-12-20T07:34:58.812+0000][gc,metaspace] Narrow klass base: 0x00007696e5000000, Narrow klass shift: 0, Narrow klass range: 0x100000000
[2025-12-20T07:37:19.956+0000][gc,start    ] GC(0) Pause Young (Normal) (G1 Evacuation Pause)
[2025-12-20T07:37:19.971+0000][gc,task     ] GC(0) Using 2 workers of 2 for evacuation
[2025-12-20T07:37:22.602+0000][gc,mmu      ] GC(0) MMU target violated: 201.0ms (200.0ms/201.0ms)
[2025-12-20T07:37:22.831+0000][gc,phases   ] GC(0)   Pre Evacuate Collection Set: 5.1ms
[2025-12-20T07:37:22.831+0000][gc,phases   ] GC(0)   Merge Heap Roots: 0.3ms
[2025-12-20T07:37:22.832+0000][gc,phases   ] GC(0)   Evacuate Collection Set: 2445.1ms
[2025-12-20T07:37:22.835+0000][gc,phases   ] GC(0)   Post Evacuate Collection Set: 42.0ms
[2025-12-20T07:37:22.843+0000][gc,phases   ] GC(0)   Other: 382.6ms
[2025-12-20T07:37:22.847+0000][gc,heap     ] GC(0) Eden regions: 256->0(243)
[2025-12-20T07:37:22.853+0000][gc,heap     ] GC(0) Survivor regions: 0->13(32)
[2025-12-20T07:37:22.864+0000][gc,heap     ] GC(0) Old regions: 0->0
[2025-12-20T07:37:22.872+0000][gc,heap     ] GC(0) Archive regions: 2->2
[2025-12-20T07:37:23.116+0000][gc,heap     ] GC(0) Humongous regions: 0->0
[2025-12-20T07:37:23.117+0000][gc,metaspace] GC(0) Metaspace: 20299K(20672K)->20299K(20672K) NonClass: 17775K(17984K)->17775K(17984K) Class: 2523K(2688K)->2523K(2688K)
[2025-12-20T07:37:23.119+0000][gc          ] GC(0) Pause Young (Normal) (G1 Evacuation Pause) 256M->13M(512M) 3163.011ms
[2025-12-20T07:37:23.122+0000][gc,cpu      ] GC(0) User=0.44s Sys=0.10s Real=3.17s
[2025-12-20T07:37:38.258+0000][gc,start    ] GC(1) Pause Young (Concurrent Start) (Metadata GC Threshold)
[2025-12-20T07:37:38.284+0000][gc,task     ] GC(1) Using 2 workers of 2 for evacuation
[2025-12-20T07:37:38.876+0000][gc,mmu      ] GC(1) MMU target violated: 201.0ms (200.0ms/201.0ms)
[2025-12-20T07:37:38.910+0000][gc,phases   ] GC(1)   Pre Evacuate Collection Set: 0.2ms
[2025-12-20T07:37:38.919+0000][gc,phases   ] GC(1)   Merge Heap Roots: 0.8ms
[2025-12-20T07:37:38.920+0000][gc,phases   ] GC(1)   Evacuate Collection Set: 581.3ms
[2025-12-20T07:37:38.945+0000][gc,phases   ] GC(1)   Post Evacuate Collection Set: 9.3ms
[2025-12-20T07:37:38.952+0000][gc,phases   ] GC(1)   Other: 59.9ms
[2025-12-20T07:37:39.015+0000][gc,heap     ] GC(1) Eden regions: 123->0(232)
[2025-12-20T07:37:39.028+0000][gc,heap     ] GC(1) Survivor regions: 13->24(32)
[2025-12-20T07:37:39.151+0000][gc,heap     ] GC(1) Old regions: 0->0
[2025-12-20T07:37:39.156+0000][gc,heap     ] GC(1) Archive regions: 2->2
[2025-12-20T07:37:39.165+0000][gc,heap     ] GC(1) Humongous regions: 0->0
[2025-12-20T07:37:39.213+0000][gc,metaspace] GC(1) Metaspace: 21140K(21504K)->21140K(21504K) NonClass: 18535K(18688K)->18535K(18688K) Class: 2605K(2816K)->2605K(2816K)
[2025-12-20T07:37:39.214+0000][gc          ] GC(1) Pause Young (Concurrent Start) (Metadata GC Threshold) 135M->24M(512M) 955.531ms
[2025-12-20T07:37:39.214+0000][gc,cpu      ] GC(1) User=0.14s Sys=0.01s Real=0.96s
[2025-12-20T07:37:39.215+0000][gc          ] GC(2) Concurrent Mark Cycle
[2025-12-20T07:37:39.222+0000][gc,marking  ] GC(2) Concurrent Clear Claimed Marks
[2025-12-20T07:37:39.224+0000][gc,marking  ] GC(2) Concurrent Clear Claimed Marks 2.045ms
[2025-12-20T07:37:39.225+0000][gc,marking  ] GC(2) Concurrent Scan Root Regions
[2025-12-20T07:37:39.347+0000][gc,marking  ] GC(2) Concurrent Scan Root Regions 122.212ms
[2025-12-20T07:37:39.381+0000][gc,marking  ] GC(2) Concurrent Mark
[2025-12-20T07:37:39.389+0000][gc,marking  ] GC(2) Concurrent Mark From Roots
[2025-12-20T07:37:39.399+0000][gc,task     ] GC(2) Using 1 workers of 1 for marking
[2025-12-20T07:37:39.444+0000][gc,marking  ] GC(2) Concurrent Mark From Roots 54.769ms
[2025-12-20T07:37:39.536+0000][gc,marking  ] GC(2) Concurrent Preclean
[2025-12-20T07:37:39.536+0000][gc,marking  ] GC(2) Concurrent Preclean 0.238ms
[2025-12-20T07:37:39.540+0000][gc,start    ] GC(2) Pause Remark
[2025-12-20T07:37:39.571+0000][gc          ] GC(2) Pause Remark 26M->26M(512M) 31.167ms
[2025-12-20T07:37:39.584+0000][gc,cpu      ] GC(2) User=0.02s Sys=0.00s Real=0.05s
[2025-12-20T07:37:39.693+0000][gc,marking  ] GC(2) Concurrent Mark 312.000ms
[2025-12-20T07:37:39.767+0000][gc,marking  ] GC(2) Concurrent Rebuild Remembered Sets
[2025-12-20T07:37:39.803+0000][gc,marking  ] GC(2) Concurrent Rebuild Remembered Sets 35.952ms
[2025-12-20T07:37:39.818+0000][gc,start    ] GC(2) Pause Cleanup
[2025-12-20T07:37:39.845+0000][gc          ] GC(2) Pause Cleanup 27M->27M(512M) 27.178ms
[2025-12-20T07:37:40.010+0000][gc,cpu      ] GC(2) User=0.00s Sys=0.00s Real=0.19s
[2025-12-20T07:37:40.197+0000][gc,marking  ] GC(2) Concurrent Cleanup for Next Mark
[2025-12-20T07:37:40.383+0000][gc,marking  ] GC(2) Concurrent Cleanup for Next Mark 186.410ms
[2025-12-20T07:37:40.398+0000][gc          ] GC(2) Concurrent Mark Cycle 1182.397ms
