[2025-12-20T07:55:26.635+0000][gc] Using G1
[2025-12-20T07:55:26.680+0000][gc,init] Version: 17.0.16+8-alpine-r0 (release)
[2025-12-20T07:55:26.680+0000][gc,init] CPUs: 2 total, 2 available
[2025-12-20T07:55:26.682+0000][gc,init] Memory: 7801M
[2025-12-20T07:55:26.684+0000][gc,init] Large Page Support: Disabled
[2025-12-20T07:55:26.684+0000][gc,init] NUMA Support: Disabled
[2025-12-20T07:55:26.684+0000][gc,init] Compressed Oops: Enabled (32-bit)
[2025-12-20T07:55:26.685+0000][gc,init] Heap Region Size: 1M
[2025-12-20T07:55:26.685+0000][gc,init] Heap Min Capacity: 512M
[2025-12-20T07:55:26.685+0000][gc,init] Heap Initial Capacity: 512M
[2025-12-20T07:55:26.685+0000][gc,init] Heap Max Capacity: 512M
[2025-12-20T07:55:26.685+0000][gc,init] Pre-touch: Disabled
[2025-12-20T07:55:26.687+0000][gc,init] Parallel Workers: 2
[2025-12-20T07:55:26.687+0000][gc,init] Concurrent Workers: 1
[2025-12-20T07:55:26.688+0000][gc,init] Concurrent Refinement Workers: 2
[2025-12-20T07:55:26.688+0000][gc,init] Periodic GC: Disabled
[2025-12-20T07:55:26.836+0000][gc,metaspace] CDS archive(s) mapped at: [0x00007a4e97000000-0x00007a4e97bc7000-0x00007a4e97bc7000), size 12349440, SharedBaseAddress: 0x00007a4e97000000, ArchiveRelocationMode: 1.
[2025-12-20T07:55:26.838+0000][gc,metaspace] Compressed class space mapped at: 0x00007a4e98000000-0x00007a4ed8000000, reserved size: 1073741824
[2025-12-20T07:55:26.840+0000][gc,metaspace] Narrow klass base: 0x00007a4e97000000, Narrow klass shift: 0, Narrow klass range: 0x100000000
[2025-12-20T07:57:49.202+0000][gc,start    ] GC(0) Pause Young (Normal) (G1 Evacuation Pause)
[2025-12-20T07:57:49.211+0000][gc,task     ] GC(0) Using 2 workers of 2 for evacuation
[2025-12-20T07:57:49.432+0000][gc,phases   ] GC(0)   Pre Evacuate Collection Set: 0.5ms
[2025-12-20T07:57:49.435+0000][gc,phases   ] GC(0)   Merge Heap Roots: 1.5ms
[2025-12-20T07:57:49.470+0000][gc,phases   ] GC(0)   Evacuate Collection Set: 165.8ms
[2025-12-20T07:57:49.561+0000][gc,phases   ] GC(0)   Post Evacuate Collection Set: 25.2ms
[2025-12-20T07:57:49.562+0000][gc,phases   ] GC(0)   Other: 37.1ms
[2025-12-20T07:57:49.563+0000][gc,heap     ] GC(0) Eden regions: 256->0(243)
[2025-12-20T07:57:49.587+0000][gc,heap     ] GC(0) Survivor regions: 0->13(32)
[2025-12-20T07:57:49.587+0000][gc,heap     ] GC(0) Old regions: 0->0
[2025-12-20T07:57:49.588+0000][gc,heap     ] GC(0) Archive regions: 2->2
[2025-12-20T07:57:49.729+0000][gc,heap     ] GC(0) Humongous regions: 0->0
[2025-12-20T07:57:49.734+0000][gc,metaspace] GC(0) Metaspace: 20291K(20672K)->20291K(20672K) NonClass: 17766K(17984K)->17766K(17984K) Class: 2525K(2688K)->2525K(2688K)
[2025-12-20T07:57:49.785+0000][gc          ] GC(0) Pause Young (Normal) (G1 Evacuation Pause) 256M->13M(512M) 583.117ms
[2025-12-20T07:57:49.793+0000][gc,cpu      ] GC(0) User=0.07s Sys=0.01s Real=0.59s
[2025-12-20T07:57:59.868+0000][gc,start    ] GC(1) Pause Young (Concurrent Start) (Metadata GC Threshold)
[2025-12-20T07:57:59.989+0000][gc,task     ] GC(1) Using 2 workers of 2 for evacuation
[2025-12-20T07:58:00.240+0000][gc,mmu      ] GC(1) MMU target violated: 201.0ms (200.0ms/201.0ms)
[2025-12-20T07:58:00.280+0000][gc,phases   ] GC(1)   Pre Evacuate Collection Set: 0.2ms
[2025-12-20T07:58:00.306+0000][gc,phases   ] GC(1)   Merge Heap Roots: 0.0ms
[2025-12-20T07:58:00.317+0000][gc,phases   ] GC(1)   Evacuate Collection Set: 241.8ms
[2025-12-20T07:58:00.348+0000][gc,phases   ] GC(1)   Post Evacuate Collection Set: 7.5ms
[2025-12-20T07:58:00.363+0000][gc,phases   ] GC(1)   Other: 162.5ms
[2025-12-20T07:58:00.364+0000][gc,heap     ] GC(1) Eden regions: 138->0(231)
[2025-12-20T07:58:00.375+0000][gc,heap     ] GC(1) Survivor regions: 13->25(32)
[2025-12-20T07:58:00.378+0000][gc,heap     ] GC(1) Old regions: 0->0
[2025-12-20T07:58:00.401+0000][gc,heap     ] GC(1) Archive regions: 2->2
[2025-12-20T07:58:00.415+0000][gc,heap     ] GC(1) Humongous regions: 0->0
[2025-12-20T07:58:00.444+0000][gc,metaspace] GC(1) Metaspace: 21144K(21504K)->21144K(21504K) NonClass: 18535K(18688K)->18535K(18688K) Class: 2609K(2816K)->2609K(2816K)
[2025-12-20T07:58:00.446+0000][gc          ] GC(1) Pause Young (Concurrent Start) (Metadata GC Threshold) 151M->25M(512M) 578.441ms
[2025-12-20T07:58:00.460+0000][gc,cpu      ] GC(1) User=0.06s Sys=0.01s Real=0.59s
[2025-12-20T07:58:00.473+0000][gc          ] GC(2) Concurrent Mark Cycle
[2025-12-20T07:58:00.489+0000][gc,marking  ] GC(2) Concurrent Clear Claimed Marks
[2025-12-20T07:58:00.513+0000][gc,marking  ] GC(2) Concurrent Clear Claimed Marks 39.065ms
[2025-12-20T07:58:00.621+0000][gc,marking  ] GC(2) Concurrent Scan Root Regions
[2025-12-20T07:58:00.746+0000][gc,marking  ] GC(2) Concurrent Scan Root Regions 124.984ms
[2025-12-20T07:58:00.817+0000][gc,marking  ] GC(2) Concurrent Mark
[2025-12-20T07:58:00.836+0000][gc,marking  ] GC(2) Concurrent Mark From Roots
[2025-12-20T07:58:00.853+0000][gc,task     ] GC(2) Using 1 workers of 1 for marking
[2025-12-20T07:58:00.948+0000][gc,marking  ] GC(2) Concurrent Mark From Roots 111.414ms
[2025-12-20T07:58:00.962+0000][gc,marking  ] GC(2) Concurrent Preclean
[2025-12-20T07:58:01.043+0000][gc,marking  ] GC(2) Concurrent Preclean 80.409ms
[2025-12-20T07:58:01.073+0000][gc,start    ] GC(2) Pause Remark
[2025-12-20T07:58:01.258+0000][gc          ] GC(2) Pause Remark 38M->38M(512M) 185.411ms
[2025-12-20T07:58:01.263+0000][gc,cpu      ] GC(2) User=0.02s Sys=0.00s Real=0.19s
[2025-12-20T07:58:01.272+0000][gc,marking  ] GC(2) Concurrent Mark 455.462ms
[2025-12-20T07:58:01.303+0000][gc,marking  ] GC(2) Concurrent Rebuild Remembered Sets
[2025-12-20T07:58:01.328+0000][gc,marking  ] GC(2) Concurrent Rebuild Remembered Sets 24.799ms
[2025-12-20T07:58:01.342+0000][gc,start    ] GC(2) Pause Cleanup
[2025-12-20T07:58:01.352+0000][gc          ] GC(2) Pause Cleanup 42M->42M(512M) 9.356ms
[2025-12-20T07:58:01.362+0000][gc,cpu      ] GC(2) User=0.00s Sys=0.00s Real=0.02s
[2025-12-20T07:58:01.372+0000][gc,marking  ] GC(2) Concurrent Cleanup for Next Mark
[2025-12-20T07:58:01.515+0000][gc,marking  ] GC(2) Concurrent Cleanup for Next Mark 143.405ms
[2025-12-20T07:58:01.528+0000][gc          ] GC(2) Concurrent Mark Cycle 1054.393ms
[2025-12-20T07:58:13.274+0000][gc,start    ] GC(3) Pause Young (Normal) (G1 Evacuation Pause)
[2025-12-20T07:58:13.278+0000][gc,task     ] GC(3) Using 2 workers of 2 for evacuation
[2025-12-20T07:58:15.379+0000][gc,mmu      ] GC(3) MMU target violated: 201.0ms (200.0ms/201.0ms)
[2025-12-20T07:58:15.411+0000][gc,phases   ] GC(3)   Pre Evacuate Collection Set: 0.2ms
[2025-12-20T07:58:15.411+0000][gc,phases   ] GC(3)   Merge Heap Roots: 0.1ms
[2025-12-20T07:58:15.411+0000][gc,phases   ] GC(3)   Evacuate Collection Set: 2082.8ms
[2025-12-20T07:58:15.422+0000][gc,phases   ] GC(3)   Post Evacuate Collection Set: 12.9ms
[2025-12-20T07:58:15.499+0000][gc,phases   ] GC(3)   Other: 40.5ms
[2025-12-20T07:58:15.521+0000][gc,heap     ] GC(3) Eden regions: 231->0(226)
[2025-12-20T07:58:15.524+0000][gc,heap     ] GC(3) Survivor regions: 25->30(32)
[2025-12-20T07:58:15.525+0000][gc,heap     ] GC(3) Old regions: 0->13
[2025-12-20T07:58:15.527+0000][gc,heap     ] GC(3) Archive regions: 2->2
[2025-12-20T07:58:15.528+0000][gc,heap     ] GC(3) Humongous regions: 0->0
[2025-12-20T07:58:15.529+0000][gc,metaspace] GC(3) Metaspace: 22838K(23296K)->22838K(23296K) NonClass: 20048K(20288K)->20048K(20288K) Class: 2790K(3008K)->2790K(3008K)
[2025-12-20T07:58:15.529+0000][gc          ] GC(3) Pause Young (Normal) (G1 Evacuation Pause) 256M->42M(512M) 2254.689ms
[2025-12-20T07:58:15.529+0000][gc,cpu      ] GC(3) User=0.13s Sys=0.61s Real=2.25s
[2025-12-20T07:58:45.483+0000][gc,start    ] GC(4) Pause Young (Concurrent Start) (Metadata GC Threshold)
[2025-12-20T07:58:45.483+0000][gc,task     ] GC(4) Using 2 workers of 2 for evacuation
[2025-12-20T07:58:45.839+0000][gc,mmu      ] GC(4) MMU target violated: 201.0ms (200.0ms/201.0ms)
[2025-12-20T07:58:45.843+0000][gc,phases   ] GC(4)   Pre Evacuate Collection Set: 0.2ms
[2025-12-20T07:58:45.852+0000][gc,phases   ] GC(4)   Merge Heap Roots: 0.2ms
[2025-12-20T07:58:45.855+0000][gc,phases   ] GC(4)   Evacuate Collection Set: 345.6ms
[2025-12-20T07:58:45.856+0000][gc,phases   ] GC(4)   Post Evacuate Collection Set: 9.5ms
[2025-12-20T07:58:45.856+0000][gc,phases   ] GC(4)   Other: 4.6ms
[2025-12-20T07:58:45.856+0000][gc,heap     ] GC(4) Eden regions: 226->0(249)
[2025-12-20T07:58:45.975+0000][gc,heap     ] GC(4) Survivor regions: 30->7(32)
[2025-12-20T07:58:45.979+0000][gc,heap     ] GC(4) Old regions: 13->41
[2025-12-20T07:58:45.986+0000][gc,heap     ] GC(4) Archive regions: 2->2
[2025-12-20T07:58:45.987+0000][gc,heap     ] GC(4) Humongous regions: 0->0
[2025-12-20T07:58:45.987+0000][gc,metaspace] GC(4) Metaspace: 35689K(36096K)->35689K(36096K) NonClass: 31188K(31360K)->31188K(31360K) Class: 4500K(4736K)->4500K(4736K)
[2025-12-20T07:58:45.987+0000][gc          ] GC(4) Pause Young (Concurrent Start) (Metadata GC Threshold) 268M->48M(512M) 504.827ms
[2025-12-20T07:58:45.988+0000][gc,cpu      ] GC(4) User=0.09s Sys=0.03s Real=0.50s
[2025-12-20T07:58:45.989+0000][gc          ] GC(5) Concurrent Mark Cycle
[2025-12-20T07:58:45.998+0000][gc,marking  ] GC(5) Concurrent Clear Claimed Marks
[2025-12-20T07:58:45.999+0000][gc,marking  ] GC(5) Concurrent Clear Claimed Marks 0.429ms
[2025-12-20T07:58:45.999+0000][gc,marking  ] GC(5) Concurrent Scan Root Regions
[2025-12-20T07:58:46.183+0000][gc,marking  ] GC(5) Concurrent Scan Root Regions 183.907ms
[2025-12-20T07:58:46.218+0000][gc,marking  ] GC(5) Concurrent Mark
[2025-12-20T07:58:46.273+0000][gc,marking  ] GC(5) Concurrent Mark From Roots
[2025-12-20T07:58:46.423+0000][gc,task     ] GC(5) Using 1 workers of 1 for marking
[2025-12-20T07:58:46.662+0000][gc,marking  ] GC(5) Concurrent Mark From Roots 389.350ms
[2025-12-20T07:58:46.751+0000][gc,marking  ] GC(5) Concurrent Preclean
[2025-12-20T07:58:46.755+0000][gc,marking  ] GC(5) Concurrent Preclean 4.144ms
[2025-12-20T07:58:46.780+0000][gc,start    ] GC(5) Pause Remark
[2025-12-20T07:58:46.936+0000][gc          ] GC(5) Pause Remark 53M->53M(512M) 156.023ms
[2025-12-20T07:58:46.949+0000][gc,cpu      ] GC(5) User=0.03s Sys=0.00s Real=0.17s
[2025-12-20T07:58:47.057+0000][gc,marking  ] GC(5) Concurrent Mark 839.057ms
[2025-12-20T07:58:47.058+0000][gc,marking  ] GC(5) Concurrent Rebuild Remembered Sets
[2025-12-20T07:58:47.058+0000][gc,marking  ] GC(5) Concurrent Rebuild Remembered Sets 0.352ms
[2025-12-20T07:58:47.115+0000][gc,start    ] GC(5) Pause Cleanup
[2025-12-20T07:58:47.412+0000][gc          ] GC(5) Pause Cleanup 54M->54M(512M) 296.602ms
[2025-12-20T07:58:47.467+0000][gc,cpu      ] GC(5) User=0.00s Sys=0.00s Real=0.35s
[2025-12-20T07:58:47.474+0000][gc,marking  ] GC(5) Concurrent Cleanup for Next Mark
[2025-12-20T07:58:47.579+0000][gc,marking  ] GC(5) Concurrent Cleanup for Next Mark 104.108ms
[2025-12-20T07:58:47.588+0000][gc          ] GC(5) Concurrent Mark Cycle 1599.939ms
[2025-12-20T07:59:30.126+0000][gc,start    ] GC(6) Pause Young (Concurrent Start) (G1 Evacuation Pause)
[2025-12-20T07:59:30.304+0000][gc,task     ] GC(6) Using 2 workers of 2 for evacuation
[2025-12-20T07:59:30.366+0000][gc,phases   ] GC(6)   Pre Evacuate Collection Set: 0.6ms
[2025-12-20T07:59:30.415+0000][gc,phases   ] GC(6)   Merge Heap Roots: 0.3ms
[2025-12-20T07:59:30.627+0000][gc,phases   ] GC(6)   Evacuate Collection Set: 54.2ms
[2025-12-20T07:59:30.627+0000][gc,phases   ] GC(6)   Post Evacuate Collection Set: 5.4ms
[2025-12-20T07:59:30.628+0000][gc,phases   ] GC(6)   Other: 178.9ms
[2025-12-20T07:59:30.628+0000][gc,heap     ] GC(6) Eden regions: 249->0(238)
[2025-12-20T07:59:30.633+0000][gc,heap     ] GC(6) Survivor regions: 7->18(32)
[2025-12-20T07:59:30.818+0000][gc,heap     ] GC(6) Old regions: 41->41
[2025-12-20T07:59:30.838+0000][gc,heap     ] GC(6) Archive regions: 2->2
[2025-12-20T07:59:30.850+0000][gc,heap     ] GC(6) Humongous regions: 0->0
[2025-12-20T07:59:30.949+0000][gc,metaspace] GC(6) Metaspace: 56063K(56576K)->56063K(56576K) NonClass: 49088K(49344K)->49088K(49344K) Class: 6974K(7232K)->6974K(7232K)
[2025-12-20T07:59:30.954+0000][gc          ] GC(6) Pause Young (Concurrent Start) (G1 Evacuation Pause) 297M->59M(512M) 827.548ms
[2025-12-20T07:59:30.955+0000][gc,cpu      ] GC(6) User=0.08s Sys=0.01s Real=0.83s
[2025-12-20T07:59:31.048+0000][gc          ] GC(7) Concurrent Mark Cycle
[2025-12-20T07:59:31.071+0000][gc,marking  ] GC(7) Concurrent Clear Claimed Marks
[2025-12-20T07:59:31.071+0000][gc,marking  ] GC(7) Concurrent Clear Claimed Marks 0.328ms
[2025-12-20T07:59:31.201+0000][gc,marking  ] GC(7) Concurrent Scan Root Regions
[2025-12-20T07:59:31.380+0000][gc,marking  ] GC(7) Concurrent Scan Root Regions 178.923ms
[2025-12-20T07:59:31.409+0000][gc,marking  ] GC(7) Concurrent Mark
[2025-12-20T07:59:31.413+0000][gc,marking  ] GC(7) Concurrent Mark From Roots
[2025-12-20T07:59:31.606+0000][gc,task     ] GC(7) Using 1 workers of 1 for marking
[2025-12-20T07:59:32.747+0000][gc,marking  ] GC(7) Concurrent Mark From Roots 1334.076ms
[2025-12-20T07:59:32.785+0000][gc,marking  ] GC(7) Concurrent Preclean
[2025-12-20T07:59:32.865+0000][gc,marking  ] GC(7) Concurrent Preclean 79.223ms
[2025-12-20T07:59:32.876+0000][gc,start    ] GC(7) Pause Remark
[2025-12-20T07:59:33.155+0000][gc          ] GC(7) Pause Remark 76M->76M(512M) 279.641ms
[2025-12-20T07:59:33.176+0000][gc,cpu      ] GC(7) User=0.02s Sys=0.00s Real=0.30s
[2025-12-20T07:59:33.186+0000][gc,marking  ] GC(7) Concurrent Mark 1777.594ms
[2025-12-20T07:59:33.204+0000][gc,marking  ] GC(7) Concurrent Rebuild Remembered Sets
[2025-12-20T07:59:33.551+0000][gc,marking  ] GC(7) Concurrent Rebuild Remembered Sets 347.413ms
[2025-12-20T07:59:33.567+0000][gc,start    ] GC(7) Pause Cleanup
[2025-12-20T07:59:33.570+0000][gc          ] GC(7) Pause Cleanup 79M->79M(512M) 3.245ms
[2025-12-20T07:59:33.574+0000][gc,cpu      ] GC(7) User=0.00s Sys=0.00s Real=0.01s
[2025-12-20T07:59:33.592+0000][gc,marking  ] GC(7) Concurrent Cleanup for Next Mark
[2025-12-20T07:59:33.909+0000][gc,marking  ] GC(7) Concurrent Cleanup for Next Mark 317.353ms
[2025-12-20T07:59:34.030+0000][gc          ] GC(7) Concurrent Mark Cycle 2982.415ms
[2025-12-20T08:00:17.171+0000][gc,start    ] GC(8) Pause Young (Normal) (G1 Evacuation Pause)
[2025-12-20T08:00:17.173+0000][gc,task     ] GC(8) Using 2 workers of 2 for evacuation
[2025-12-20T08:00:17.859+0000][gc,mmu      ] GC(8) MMU target violated: 201.0ms (200.0ms/201.0ms)
[2025-12-20T08:00:17.859+0000][gc,phases   ] GC(8)   Pre Evacuate Collection Set: 0.5ms
[2025-12-20T08:00:17.859+0000][gc,phases   ] GC(8)   Merge Heap Roots: 0.4ms
[2025-12-20T08:00:17.860+0000][gc,phases   ] GC(8)   Evacuate Collection Set: 674.0ms
[2025-12-20T08:00:17.860+0000][gc,phases   ] GC(8)   Post Evacuate Collection Set: 8.6ms
[2025-12-20T08:00:17.860+0000][gc,phases   ] GC(8)   Other: 5.0ms
[2025-12-20T08:00:17.860+0000][gc,heap     ] GC(8) Eden regions: 238->0(225)
[2025-12-20T08:00:17.860+0000][gc,heap     ] GC(8) Survivor regions: 18->31(32)
[2025-12-20T08:00:17.860+0000][gc,heap     ] GC(8) Old regions: 41->47
[2025-12-20T08:00:17.861+0000][gc,heap     ] GC(8) Archive regions: 2->2
[2025-12-20T08:00:17.861+0000][gc,heap     ] GC(8) Humongous regions: 0->0
[2025-12-20T08:00:17.861+0000][gc,metaspace] GC(8) Metaspace: 64323K(64832K)->64323K(64832K) NonClass: 56280K(56576K)->56280K(56576K) Class: 8043K(8256K)->8043K(8256K)
[2025-12-20T08:00:17.861+0000][gc          ] GC(8) Pause Young (Normal) (G1 Evacuation Pause) 297M->78M(512M) 690.444ms
[2025-12-20T08:00:17.861+0000][gc,cpu      ] GC(8) User=0.10s Sys=0.12s Real=0.69s
[2025-12-20T08:00:35.849+0000][gc,start    ] GC(9) Pause Young (Normal) (G1 Evacuation Pause)
[2025-12-20T08:00:35.850+0000][gc,task     ] GC(9) Using 2 workers of 2 for evacuation
[2025-12-20T08:00:36.218+0000][gc,mmu      ] GC(9) MMU target violated: 201.0ms (200.0ms/201.0ms)
[2025-12-20T08:00:36.219+0000][gc,phases   ] GC(9)   Pre Evacuate Collection Set: 1.7ms
[2025-12-20T08:00:36.221+0000][gc,phases   ] GC(9)   Merge Heap Roots: 6.6ms
[2025-12-20T08:00:36.223+0000][gc,phases   ] GC(9)   Evacuate Collection Set: 337.1ms
[2025-12-20T08:00:36.223+0000][gc,phases   ] GC(9)   Post Evacuate Collection Set: 17.3ms
[2025-12-20T08:00:36.223+0000][gc,phases   ] GC(9)   Other: 7.3ms
[2025-12-20T08:00:36.224+0000][gc,heap     ] GC(9) Eden regions: 225->0(238)
[2025-12-20T08:00:36.224+0000][gc,heap     ] GC(9) Survivor regions: 31->18(32)
[2025-12-20T08:00:36.224+0000][gc,heap     ] GC(9) Old regions: 47->73
[2025-12-20T08:00:36.224+0000][gc,heap     ] GC(9) Archive regions: 2->2
[2025-12-20T08:00:36.225+0000][gc,heap     ] GC(9) Humongous regions: 0->0
[2025-12-20T08:00:36.225+0000][gc,metaspace] GC(9) Metaspace: 70626K(71232K)->70626K(71232K) NonClass: 61765K(62080K)->61765K(62080K) Class: 8860K(9152K)->8860K(9152K)
[2025-12-20T08:00:36.226+0000][gc          ] GC(9) Pause Young (Normal) (G1 Evacuation Pause) 303M->90M(512M) 376.837ms
[2025-12-20T08:00:36.226+0000][gc,cpu      ] GC(9) User=0.10s Sys=0.03s Real=0.38s
[2025-12-20T08:00:45.586+0000][gc,start    ] GC(10) Pause Young (Normal) (G1 Evacuation Pause)
[2025-12-20T08:00:45.588+0000][gc,task     ] GC(10) Using 2 workers of 2 for evacuation
[2025-12-20T08:00:46.005+0000][gc,mmu      ] GC(10) MMU target violated: 201.0ms (200.0ms/201.0ms)
[2025-12-20T08:00:46.008+0000][gc,phases   ] GC(10)   Pre Evacuate Collection Set: 0.7ms
[2025-12-20T08:00:46.008+0000][gc,phases   ] GC(10)   Merge Heap Roots: 0.2ms
[2025-12-20T08:00:46.008+0000][gc,phases   ] GC(10)   Evacuate Collection Set: 398.8ms
[2025-12-20T08:00:46.014+0000][gc,phases   ] GC(10)   Post Evacuate Collection Set: 16.8ms
[2025-12-20T08:00:46.015+0000][gc,phases   ] GC(10)   Other: 5.4ms
[2025-12-20T08:00:46.015+0000][gc,heap     ] GC(10) Eden regions: 238->0(239)
[2025-12-20T08:00:46.019+0000][gc,heap     ] GC(10) Survivor regions: 18->17(32)
[2025-12-20T08:00:46.019+0000][gc,heap     ] GC(10) Old regions: 73->89
[2025-12-20T08:00:46.020+0000][gc,heap     ] GC(10) Archive regions: 2->2
[2025-12-20T08:00:46.020+0000][gc,heap     ] GC(10) Humongous regions: 0->0
[2025-12-20T08:00:46.020+0000][gc,metaspace] GC(10) Metaspace: 71408K(72000K)->71408K(72000K) NonClass: 62463K(62784K)->62463K(62784K) Class: 8944K(9216K)->8944K(9216K)
[2025-12-20T08:00:46.020+0000][gc          ] GC(10) Pause Young (Normal) (G1 Evacuation Pause) 328M->106M(512M) 434.565ms
[2025-12-20T08:00:46.021+0000][gc,cpu      ] GC(10) User=0.11s Sys=0.02s Real=0.44s
[2025-12-20T08:02:08.844+0000][gc,start    ] GC(11) Pause Young (Normal) (G1 Evacuation Pause)
[2025-12-20T08:02:08.845+0000][gc,task     ] GC(11) Using 2 workers of 2 for evacuation
[2025-12-20T08:02:11.703+0000][gc,mmu      ] GC(11) MMU target violated: 201.0ms (200.0ms/201.0ms)
[2025-12-20T08:02:11.705+0000][gc,phases   ] GC(11)   Pre Evacuate Collection Set: 12.0ms
[2025-12-20T08:02:11.706+0000][gc,phases   ] GC(11)   Merge Heap Roots: 12.3ms
[2025-12-20T08:02:11.710+0000][gc,phases   ] GC(11)   Evacuate Collection Set: 2685.9ms
[2025-12-20T08:02:11.711+0000][gc,phases   ] GC(11)   Post Evacuate Collection Set: 135.4ms
[2025-12-20T08:02:11.711+0000][gc,phases   ] GC(11)   Other: 15.7ms
[2025-12-20T08:02:11.713+0000][gc,heap     ] GC(11) Eden regions: 239->0(243)
[2025-12-20T08:02:11.713+0000][gc,heap     ] GC(11) Survivor regions: 17->13(32)
[2025-12-20T08:02:11.719+0000][gc,heap     ] GC(11) Old regions: 89->105
[2025-12-20T08:02:11.734+0000][gc,heap     ] GC(11) Archive regions: 2->2
[2025-12-20T08:02:11.737+0000][gc,heap     ] GC(11) Humongous regions: 13->13
[2025-12-20T08:02:11.739+0000][gc,metaspace] GC(11) Metaspace: 81688K(82368K)->81688K(82368K) NonClass: 71429K(71808K)->71429K(71808K) Class: 10259K(10560K)->10259K(10560K)
[2025-12-20T08:02:11.740+0000][gc          ] GC(11) Pause Young (Normal) (G1 Evacuation Pause) 358M->131M(512M) 2896.254ms
[2025-12-20T08:02:11.741+0000][gc,cpu      ] GC(11) User=0.44s Sys=0.12s Real=2.90s
[2025-12-20T08:09:40.330+0000][gc,start    ] GC(12) Pause Young (Normal) (G1 Evacuation Pause)
[2025-12-20T08:09:40.337+0000][gc,task     ] GC(12) Using 2 workers of 2 for evacuation
[2025-12-20T08:09:44.722+0000][gc,mmu      ] GC(12) MMU target violated: 201.0ms (200.0ms/201.0ms)
[2025-12-20T08:09:44.732+0000][gc,phases   ] GC(12)   Pre Evacuate Collection Set: 36.3ms
[2025-12-20T08:09:44.738+0000][gc,phases   ] GC(12)   Merge Heap Roots: 42.4ms
[2025-12-20T08:09:44.738+0000][gc,phases   ] GC(12)   Evacuate Collection Set: 4096.6ms
[2025-12-20T08:09:44.752+0000][gc,phases   ] GC(12)   Post Evacuate Collection Set: 206.8ms
[2025-12-20T08:09:44.769+0000][gc,phases   ] GC(12)   Other: 19.8ms
[2025-12-20T08:09:44.775+0000][gc,heap     ] GC(12) Eden regions: 243->0(241)
[2025-12-20T08:09:44.778+0000][gc,heap     ] GC(12) Survivor regions: 13->15(32)
[2025-12-20T08:09:44.783+0000][gc,heap     ] GC(12) Old regions: 105->105
[2025-12-20T08:09:44.791+0000][gc,heap     ] GC(12) Archive regions: 2->2
[2025-12-20T08:09:44.792+0000][gc,heap     ] GC(12) Humongous regions: 13->13
[2025-12-20T08:09:44.797+0000][gc,metaspace] GC(12) Metaspace: 83830K(84544K)->83830K(84544K) NonClass: 73492K(73856K)->73492K(73856K) Class: 10338K(10688K)->10338K(10688K)
[2025-12-20T08:09:44.801+0000][gc          ] GC(12) Pause Young (Normal) (G1 Evacuation Pause) 374M->133M(512M) 4470.887ms
[2025-12-20T08:09:44.801+0000][gc,cpu      ] GC(12) User=0.73s Sys=0.01s Real=4.48s
[2025-12-20T08:13:40.716+0000][gc,heap,exit] Heap
[2025-12-20T08:13:40.718+0000][gc,heap,exit]  garbage-first heap   total 524288K, used 206772K [0x00000000e0000000, 0x0000000100000000)
[2025-12-20T08:13:40.754+0000][gc,heap,exit]   region size 1024K, 83 young (84992K), 15 survivors (15360K)
[2025-12-20T08:13:40.762+0000][gc,heap,exit]  Metaspace       used 84427K, committed 85184K, reserved 1179648K
[2025-12-20T08:13:40.765+0000][gc,heap,exit]   class space    used 10398K, committed 10752K, reserved 1048576K
