[2025-12-20T07:30:11.744+0000][gc] Using G1
[2025-12-20T07:30:11.808+0000][gc,init] Version: 17.0.16+8-alpine-r0 (release)
[2025-12-20T07:30:11.808+0000][gc,init] CPUs: 2 total, 2 available
[2025-12-20T07:30:11.809+0000][gc,init] Memory: 7801M
[2025-12-20T07:30:11.810+0000][gc,init] Large Page Support: Disabled
[2025-12-20T07:30:11.813+0000][gc,init] NUMA Support: Disabled
[2025-12-20T07:30:11.815+0000][gc,init] Compressed Oops: Enabled (32-bit)
[2025-12-20T07:30:11.816+0000][gc,init] Heap Region Size: 1M
[2025-12-20T07:30:11.818+0000][gc,init] Heap Min Capacity: 512M
[2025-12-20T07:30:11.821+0000][gc,init] Heap Initial Capacity: 512M
[2025-12-20T07:30:11.822+0000][gc,init] Heap Max Capacity: 512M
[2025-12-20T07:30:11.822+0000][gc,init] Pre-touch: Disabled
[2025-12-20T07:30:11.822+0000][gc,init] Parallel Workers: 2
[2025-12-20T07:30:11.823+0000][gc,init] Concurrent Workers: 1
[2025-12-20T07:30:11.824+0000][gc,init] Concurrent Refinement Workers: 2
[2025-12-20T07:30:11.824+0000][gc,init] Periodic GC: Disabled
[2025-12-20T07:30:11.906+0000][gc,metaspace] CDS archive(s) mapped at: [0x0000732f65000000-0x0000732f65bc7000-0x0000732f65bc7000), size 12349440, SharedBaseAddress: 0x0000732f65000000, ArchiveRelocationMode: 1.
[2025-12-20T07:30:11.907+0000][gc,metaspace] Compressed class space mapped at: 0x0000732f66000000-0x0000732fa6000000, reserved size: 1073741824
[2025-12-20T07:30:11.910+0000][gc,metaspace] Narrow klass base: 0x0000732f65000000, Narrow klass shift: 0, Narrow klass range: 0x100000000
[2025-12-20T07:31:58.473+0000][gc,heap,exit] Heap
[2025-12-20T07:31:58.476+0000][gc,heap,exit]  garbage-first heap   total 524288K, used 179124K [0x00000000e0000000, 0x0000000100000000)
[2025-12-20T07:31:58.480+0000][gc,heap,exit]   region size 1024K, 174 young (178176K), 0 survivors (0K)
[2025-12-20T07:31:58.489+0000][gc,heap,exit]  Metaspace       used 13124K, committed 13504K, reserved 1114112K
[2025-12-20T07:31:58.491+0000][gc,heap,exit]   class space    used 1635K, committed 1792K, reserved 1048576K
